Archive member included to satisfy reference by file (symbol)

/usr/lib/gcc/arm-none-eabi/8.3.1/thumb/v6-m/nofp/libgcc.a(_dvmd_tls.o)
                              CMakeFiles/pami-main.dir/home/intech/pico/pico-sdk/src/rp2_common/pico_divider/divider.S.obj (__aeabi_idiv0)
/usr/lib/gcc/arm-none-eabi/8.3.1/../../../arm-none-eabi/lib/thumb/v6-m/nofp/libc.a(lib_a-atexit.o)
                              /usr/lib/gcc/arm-none-eabi/8.3.1/../../../arm-none-eabi/lib/thumb/v6-m/nofp/crt0.o (atexit)
/usr/lib/gcc/arm-none-eabi/8.3.1/../../../arm-none-eabi/lib/thumb/v6-m/nofp/libc.a(lib_a-calloc.o)
                              CMakeFiles/pami-main.dir/home/intech/pico/pico-sdk/src/rp2_common/pico_malloc/pico_malloc.c.obj (calloc)
/usr/lib/gcc/arm-none-eabi/8.3.1/../../../arm-none-eabi/lib/thumb/v6-m/nofp/libc.a(lib_a-callocr.o)
                              /usr/lib/gcc/arm-none-eabi/8.3.1/../../../arm-none-eabi/lib/thumb/v6-m/nofp/libc.a(lib_a-calloc.o) (_calloc_r)
/usr/lib/gcc/arm-none-eabi/8.3.1/../../../arm-none-eabi/lib/thumb/v6-m/nofp/libc.a(lib_a-fini.o)
                              /usr/lib/gcc/arm-none-eabi/8.3.1/../../../arm-none-eabi/lib/thumb/v6-m/nofp/crt0.o (__libc_fini_array)
/usr/lib/gcc/arm-none-eabi/8.3.1/../../../arm-none-eabi/lib/thumb/v6-m/nofp/libc.a(lib_a-impure.o)
                              /usr/lib/gcc/arm-none-eabi/8.3.1/../../../arm-none-eabi/lib/thumb/v6-m/nofp/libc.a(lib_a-calloc.o) (_impure_ptr)
/usr/lib/gcc/arm-none-eabi/8.3.1/../../../arm-none-eabi/lib/thumb/v6-m/nofp/libc.a(lib_a-init.o)
                              /usr/lib/gcc/arm-none-eabi/8.3.1/../../../arm-none-eabi/lib/thumb/v6-m/nofp/crt0.o (__libc_init_array)
/usr/lib/gcc/arm-none-eabi/8.3.1/../../../arm-none-eabi/lib/thumb/v6-m/nofp/libc.a(lib_a-malloc.o)
                              CMakeFiles/pami-main.dir/home/intech/pico/pico-sdk/src/rp2_common/pico_malloc/pico_malloc.c.obj (malloc)
/usr/lib/gcc/arm-none-eabi/8.3.1/../../../arm-none-eabi/lib/thumb/v6-m/nofp/libc.a(lib_a-mallocr.o)
                              /usr/lib/gcc/arm-none-eabi/8.3.1/../../../arm-none-eabi/lib/thumb/v6-m/nofp/libc.a(lib_a-callocr.o) (_malloc_r)
/usr/lib/gcc/arm-none-eabi/8.3.1/../../../arm-none-eabi/lib/thumb/v6-m/nofp/libc.a(lib_a-mlock.o)
                              /usr/lib/gcc/arm-none-eabi/8.3.1/../../../arm-none-eabi/lib/thumb/v6-m/nofp/libc.a(lib_a-mallocr.o) (__malloc_lock)
/usr/lib/gcc/arm-none-eabi/8.3.1/../../../arm-none-eabi/lib/thumb/v6-m/nofp/libc.a(lib_a-realloc.o)
                              CMakeFiles/pami-main.dir/home/intech/pico/pico-sdk/src/rp2_common/pico_malloc/pico_malloc.c.obj (realloc)
/usr/lib/gcc/arm-none-eabi/8.3.1/../../../arm-none-eabi/lib/thumb/v6-m/nofp/libc.a(lib_a-reallocr.o)
                              /usr/lib/gcc/arm-none-eabi/8.3.1/../../../arm-none-eabi/lib/thumb/v6-m/nofp/libc.a(lib_a-realloc.o) (_realloc_r)
/usr/lib/gcc/arm-none-eabi/8.3.1/../../../arm-none-eabi/lib/thumb/v6-m/nofp/libc.a(lib_a-sbrkr.o)
                              /usr/lib/gcc/arm-none-eabi/8.3.1/../../../arm-none-eabi/lib/thumb/v6-m/nofp/libc.a(lib_a-mallocr.o) (_sbrk_r)
/usr/lib/gcc/arm-none-eabi/8.3.1/../../../arm-none-eabi/lib/thumb/v6-m/nofp/libc.a(lib_a-strlen-stub.o)
                              CMakeFiles/pami-main.dir/home/intech/pico/pico-sdk/src/rp2_common/pico_stdio/stdio.c.obj (strlen)
/usr/lib/gcc/arm-none-eabi/8.3.1/../../../arm-none-eabi/lib/thumb/v6-m/nofp/libc.a(lib_a-__atexit.o)
                              /usr/lib/gcc/arm-none-eabi/8.3.1/../../../arm-none-eabi/lib/thumb/v6-m/nofp/libc.a(lib_a-atexit.o) (__register_exitproc)
/usr/lib/gcc/arm-none-eabi/8.3.1/../../../arm-none-eabi/lib/thumb/v6-m/nofp/libc.a(lib_a-freer.o)
                              /usr/lib/gcc/arm-none-eabi/8.3.1/../../../arm-none-eabi/lib/thumb/v6-m/nofp/libc.a(lib_a-malloc.o) (_free_r)
/usr/lib/gcc/arm-none-eabi/8.3.1/../../../arm-none-eabi/lib/thumb/v6-m/nofp/libc.a(lib_a-memmove.o)
                              /usr/lib/gcc/arm-none-eabi/8.3.1/../../../arm-none-eabi/lib/thumb/v6-m/nofp/libc.a(lib_a-reallocr.o) (memmove)
/usr/lib/gcc/arm-none-eabi/8.3.1/../../../arm-none-eabi/lib/thumb/v6-m/nofp/libc.a(lib_a-reent.o)
                              /usr/lib/gcc/arm-none-eabi/8.3.1/../../../arm-none-eabi/lib/thumb/v6-m/nofp/libc.a(lib_a-sbrkr.o) (errno)

Allocating common symbols
Common symbol       size              file

sf_table            0x100             CMakeFiles/pami-main.dir/home/intech/pico/pico-sdk/src/rp2_common/pico_float/float_init_rom.c.obj
pid                 0x50              CMakeFiles/pami-main.dir/src/main.c.obj
errno               0x4               /usr/lib/gcc/arm-none-eabi/8.3.1/../../../arm-none-eabi/lib/thumb/v6-m/nofp/libc.a(lib_a-reent.o)
encoders            0x8               CMakeFiles/pami-main.dir/src/main.c.obj
_usbd_qdef_buf      0xc0              CMakeFiles/pami-main.dir/home/intech/pico/pico-sdk/lib/tinyusb/src/device/usbd.c.obj
[...]
Memory Configuration

Name             Origin             Length             Attributes
FLASH            0x0000000010000000 0x0000000000200000 xr
RAM              0x0000000020000000 0x0000000000040000 xrw
SCRATCH_X        0x0000000020040000 0x0000000000001000 xrw
SCRATCH_Y        0x0000000020041000 0x0000000000001000 xrw
*default*        0x0000000000000000 0xffffffffffffffff

Linker script and memory map

LOAD /usr/lib/gcc/arm-none-eabi/8.3.1/thumb/v6-m/nofp/crti.o
LOAD /usr/lib/gcc/arm-none-eabi/8.3.1/thumb/v6-m/nofp/crtbegin.o
LOAD /usr/lib/gcc/arm-none-eabi/8.3.1/../../../arm-none-eabi/lib/thumb/v6-m/nofp/crt0.o

.flash_begin    0x0000000010000000        0x0
                0x0000000010000000                __flash_binary_start = .

.boot2          0x0000000010000000      0x100
                0x0000000010000000                __boot2_start__ = .
 *(.boot2)
 .boot2         0x0000000010000000      0x100 /tmp/ccOZusqx.o
                0x0000000010000100                __boot2_end__ = .
                0x0000000000000001                ASSERT (((__boot2_end__ - __boot2_start__) == 0x100), ERROR: Pico second stage bootloader must be 256 bytes in size)

.text           0x0000000010000100     0x54f8
                0x0000000010000100                __logical_binary_start = .
 *(.vectors)
 .vectors       0x0000000010000100       0xd4 CMakeFiles/pami-main.dir/home/intech/pico/pico-sdk/src/rp2_common/pico_standard_link/crt0.S.obj
                0x0000000010000100                __vectors
                0x0000000010000100                __VECTOR_TABLE
                0x00000000100001c0                isr_invalid
                0x00000000100001c0                __default_isrs_start
                0x00000000100001c2                isr_nmi
                0x00000000100001c4                isr_hardfault
                0x00000000100001c6                isr_svcall
                0x00000000100001c8                isr_pendsv
                0x00000000100001ca                isr_systick
                0x00000000100001cc                isr_irq30
                0x00000000100001cc                __unhandled_user_irq
                0x00000000100001cc                isr_irq13
                0x00000000100001cc                isr_irq27
                0x00000000100001cc                isr_irq31
                0x00000000100001cc                isr_irq5
                0x00000000100001cc                isr_irq11
                0x00000000100001cc                isr_irq23
                0x00000000100001cc                isr_irq18
                0x00000000100001cc                isr_irq28
                0x00000000100001cc                isr_irq19
                0x00000000100001cc                isr_irq0
                0x00000000100001cc                isr_irq6
                0x00000000100001cc                isr_irq22
                0x00000000100001cc                isr_irq17
                0x00000000100001cc                isr_irq14
                0x00000000100001cc                isr_irq2
                0x00000000100001cc                isr_irq10
                0x00000000100001cc                isr_irq8
                0x00000000100001cc                isr_irq24
                0x00000000100001cc                isr_irq1
                0x00000000100001cc                isr_irq7
                0x00000000100001cc                isr_irq21
                0x00000000100001cc                isr_irq20
                0x00000000100001cc                isr_irq15
                0x00000000100001cc                isr_irq25
                0x00000000100001cc                isr_irq4
                0x00000000100001cc                isr_irq16
                0x00000000100001cc                isr_irq29
                0x00000000100001cc                isr_irq26
                0x00000000100001cc                __default_isrs_end
                0x00000000100001cc                isr_irq3
                0x00000000100001cc                isr_irq12
                0x00000000100001cc                isr_irq9
                0x00000000100001d2                unhandled_user_irq_num_in_r0
 *(.binary_info_header)
 .binary_info_header
                0x00000000100001d4       0x14 CMakeFiles/pami-main.dir/home/intech/pico/pico-sdk/src/rp2_common/pico_standard_link/crt0.S.obj
                0x00000000100001e8                __binary_info_header_end = .
 *(.reset)
 .reset         0x00000000100001e8       0xa0 CMakeFiles/pami-main.dir/home/intech/pico/pico-sdk/src/rp2_common/pico_standard_link/crt0.S.obj
                0x00000000100001e8                _entry_point
 .reset         0x0000000010000288       0x30 CMakeFiles/pami-main.dir/home/intech/pico/pico-sdk/src/rp2_common/pico_standard_link/binary_info.c.obj
 *(.init)
 .init          0x00000000100002b8        0x4 /usr/lib/gcc/arm-none-eabi/8.3.1/thumb/v6-m/nofp/crti.o
                0x00000000100002b8                _init
 *(EXCLUDE_FILE(*libm.a: *libc.a:*lib_a-mem*.o *libgcc.a:) .text*)
 .text          0x00000000100002bc       0x98 /usr/lib/gcc/arm-none-eabi/8.3.1/thumb/v6-m/nofp/crtbegin.o
 .text.setup    0x0000000010000354       0x40 CMakeFiles/pami-main.dir/src/main.c.obj
                0x0000000010000354                setup
 .text.loop     0x0000000010000394       0xc8 CMakeFiles/pami-main.dir/src/main.c.obj
                0x0000000010000394                loop
 .text.startup.main
                0x000000001000045c        0xc CMakeFiles/pami-main.dir/src/main.c.obj
                0x000000001000045c                main
 .text.motor_new
                0x0000000010000468       0x54 CMakeFiles/pami-main.dir/src/motor.c.obj
                0x0000000010000468                motor_new
 .text.motor_set_rotation
                0x00000000100004bc       0x48 CMakeFiles/pami-main.dir/src/motor.c.obj
                0x00000000100004bc                motor_set_rotation
 .text.motor_dispatch
                0x0000000010000504       0x5c CMakeFiles/pami-main.dir/src/motor.c.obj
                0x0000000010000504                motor_dispatch
 .text.interrupt_callback
                0x0000000010000560       0x38 CMakeFiles/pami-main.dir/src/incremental_encoder.c.obj
                0x0000000010000560                interrupt_callback
 .text.get_coder_left
                0x0000000010000598        0xc CMakeFiles/pami-main.dir/src/incremental_encoder.c.obj
                0x0000000010000598                get_coder_left
 .text.get_coder_right
                0x00000000100005a4        0xc CMakeFiles/pami-main.dir/src/incremental_encoder.c.obj
                0x00000000100005a4                get_coder_right
 .text.attach_encoder
                0x00000000100005b0       0x70 CMakeFiles/pami-main.dir/src/incremental_encoder.c.obj
                0x00000000100005b0                attach_encoder
 .text.gpio_default_irq_handler
                0x0000000010000620      0x24c CMakeFiles/pami-main.dir/home/intech/pico/pico-sdk/src/rp2_common/hardware_gpio/gpio.c.obj
 .text.gpio_set_function
                0x000000001000086c       0x30 CMakeFiles/pami-main.dir/home/intech/pico/pico-sdk/src/rp2_common/hardware_gpio/gpio.c.obj
                0x000000001000086c                gpio_set_function
 .text.gpio_set_irq_enabled
                0x000000001000089c       0x50 CMakeFiles/pami-main.dir/home/intech/pico/pico-sdk/src/rp2_common/hardware_gpio/gpio.c.obj
                0x000000001000089c                gpio_set_irq_enabled
 .text.gpio_set_irq_callback
                0x00000000100008ec       0x40 CMakeFiles/pami-main.dir/home/intech/pico/pico-sdk/src/rp2_common/hardware_gpio/gpio.c.obj
                0x00000000100008ec                gpio_set_irq_callback
 .text.gpio_init
                0x000000001000092c       0x3c CMakeFiles/pami-main.dir/home/intech/pico/pico-sdk/src/rp2_common/hardware_gpio/gpio.c.obj
                0x000000001000092c                gpio_init
 .text.running_on_fpga
                0x0000000010000968       0x10 CMakeFiles/pami-main.dir/home/intech/pico/pico-sdk/src/rp2_common/pico_platform/platform.c.obj
                0x0000000010000968                running_on_fpga
 .text.hw_claim_or_assert
                0x0000000010000978       0x44 CMakeFiles/pami-main.dir/home/intech/pico/pico-sdk/src/rp2_common/hardware_claim/claim.c.obj
                0x0000000010000978                hw_claim_or_assert
 .text.hw_claim_unused_from_range
                0x00000000100009bc       0x9c CMakeFiles/pami-main.dir/home/intech/pico/pico-sdk/src/rp2_common/hardware_claim/claim.c.obj
                0x00000000100009bc                hw_claim_unused_from_range
 .text.spin_locks_reset
                0x0000000010000a58       0x1c CMakeFiles/pami-main.dir/home/intech/pico/pico-sdk/src/rp2_common/hardware_sync/sync.c.obj
                0x0000000010000a58                spin_locks_reset
 .text.next_striped_spin_lock_num
                0x0000000010000a74       0x18 CMakeFiles/pami-main.dir/home/intech/pico/pico-sdk/src/rp2_common/hardware_sync/sync.c.obj
                0x0000000010000a74                next_striped_spin_lock_num
 .text.spin_lock_claim_unused
                0x0000000010000a8c       0x20 CMakeFiles/pami-main.dir/home/intech/pico/pico-sdk/src/rp2_common/hardware_sync/sync.c.obj
                0x0000000010000a8c                spin_lock_claim_unused
 .text.irq_set_enabled
                0x0000000010000aac       0x24 CMakeFiles/pami-main.dir/home/intech/pico/pico-sdk/src/rp2_common/hardware_irq/irq.c.obj
                0x0000000010000aac                irq_set_enabled
 .text.irq_set_pending
                0x0000000010000ad0       0x10 CMakeFiles/pami-main.dir/home/intech/pico/pico-sdk/src/rp2_common/hardware_irq/irq.c.obj
                0x0000000010000ad0                irq_set_pending
 .text.irq_has_shared_handler
                0x0000000010000ae0       0x2c CMakeFiles/pami-main.dir/home/intech/pico/pico-sdk/src/rp2_common/hardware_irq/irq.c.obj
                0x0000000010000ae0                irq_has_shared_handler
 .text.irq_get_vtable_handler
                0x0000000010000b0c       0x10 CMakeFiles/pami-main.dir/home/intech/pico/pico-sdk/src/rp2_common/hardware_irq/irq.c.obj
                0x0000000010000b0c                irq_get_vtable_handler
 .text.irq_set_exclusive_handler
                0x0000000010000b1c       0x54 CMakeFiles/pami-main.dir/home/intech/pico/pico-sdk/src/rp2_common/hardware_irq/irq.c.obj
                0x0000000010000b1c                irq_set_exclusive_handler
 .text.irq_add_shared_handler
                0x0000000010000b70      0x1c8 CMakeFiles/pami-main.dir/home/intech/pico/pico-sdk/src/rp2_common/hardware_irq/irq.c.obj
                0x0000000010000b70                irq_add_shared_handler
 .text.irq_remove_handler
                0x0000000010000d38      0x1b0 CMakeFiles/pami-main.dir/home/intech/pico/pico-sdk/src/rp2_common/hardware_irq/irq.c.obj
                0x0000000010000d38                irq_remove_handler
 .text.irq_add_tail_to_free_list
                0x0000000010000ee8       0xb4 CMakeFiles/pami-main.dir/home/intech/pico/pico-sdk/src/rp2_common/hardware_irq/irq.c.obj
                0x0000000010000ee8                irq_add_tail_to_free_list
 .text.irq_init_priorities
                0x0000000010000f9c       0x24 CMakeFiles/pami-main.dir/home/intech/pico/pico-sdk/src/rp2_common/hardware_irq/irq.c.obj
                0x0000000010000f9c                irq_init_priorities
 .text.user_irq_claim_unused
                0x0000000010000fc0       0x28 CMakeFiles/pami-main.dir/home/intech/pico/pico-sdk/src/rp2_common/hardware_irq/irq.c.obj
                0x0000000010000fc0                user_irq_claim_unused
 .text.lock_init
                0x0000000010000fe8       0x10 CMakeFiles/pami-main.dir/home/intech/pico/pico-sdk/src/common/pico_sync/lock_core.c.obj
                0x0000000010000fe8                lock_init
 .text.mutex_init
                0x0000000010000ff8       0x1c CMakeFiles/pami-main.dir/home/intech/pico/pico-sdk/src/common/pico_sync/mutex.c.obj
                0x0000000010000ff8                mutex_init
 .text.recursive_mutex_init
                0x0000000010001014       0x1c CMakeFiles/pami-main.dir/home/intech/pico/pico-sdk/src/common/pico_sync/mutex.c.obj
                0x0000000010001014                recursive_mutex_init
 .text.critical_section_init
                0x0000000010001030       0x20 CMakeFiles/pami-main.dir/home/intech/pico/pico-sdk/src/common/pico_sync/critical_section.c.obj
                0x0000000010001030                critical_section_init
 .text.critical_section_init_with_lock_num
                0x0000000010001050       0x14 CMakeFiles/pami-main.dir/home/intech/pico/pico-sdk/src/common/pico_sync/critical_section.c.obj
                0x0000000010001050                critical_section_init_with_lock_num
 .text.ph_merge_nodes
                0x0000000010001064       0x5c CMakeFiles/pami-main.dir/home/intech/pico/pico-sdk/src/common/pico_time/time.c.obj
 .text.timer_pool_entry_comparator
                0x00000000100010c0       0x34 CMakeFiles/pami-main.dir/home/intech/pico/pico-sdk/src/common/pico_time/time.c.obj
                0x00000000100010c0                timer_pool_entry_comparator
 .text.sleep_until_callback
                0x00000000100010f4       0x30 CMakeFiles/pami-main.dir/home/intech/pico/pico-sdk/src/common/pico_time/time.c.obj
 .text.add_alarm_under_lock
                0x0000000010001124       0xbc CMakeFiles/pami-main.dir/home/intech/pico/pico-sdk/src/common/pico_time/time.c.obj
 .text.alarm_pool_alarm_callback
                0x00000000100011e0      0x1c0 CMakeFiles/pami-main.dir/home/intech/pico/pico-sdk/src/common/pico_time/time.c.obj
 .text.alarm_pool_init_default
                0x00000000100013a0       0x6c CMakeFiles/pami-main.dir/home/intech/pico/pico-sdk/src/common/pico_time/time.c.obj
                0x00000000100013a0                alarm_pool_init_default
 .text.alarm_pool_get_default
                0x000000001000140c        0x8 CMakeFiles/pami-main.dir/home/intech/pico/pico-sdk/src/common/pico_time/time.c.obj
                0x000000001000140c                alarm_pool_get_default
 .text.alarm_pool_add_alarm_at
                0x0000000010001414      0x144 CMakeFiles/pami-main.dir/home/intech/pico/pico-sdk/src/common/pico_time/time.c.obj
                0x0000000010001414                alarm_pool_add_alarm_at
 .text.alarm_pool_core_num
                0x0000000010001558        0x4 CMakeFiles/pami-main.dir/home/intech/pico/pico-sdk/src/common/pico_time/time.c.obj
                0x0000000010001558                alarm_pool_core_num
 .text.best_effort_wfe_or_timeout
                0x000000001000155c       0xd0 CMakeFiles/pami-main.dir/home/intech/pico/pico-sdk/src/common/pico_time/time.c.obj
                0x000000001000155c                best_effort_wfe_or_timeout
 .text.hardware_alarm_irq_handler
                0x000000001000162c       0xb4 CMakeFiles/pami-main.dir/home/intech/pico/pico-sdk/src/rp2_common/hardware_timer/timer.c.obj
 .text.hardware_alarm_claim
                0x00000000100016e0       0x18 CMakeFiles/pami-main.dir/home/intech/pico/pico-sdk/src/rp2_common/hardware_timer/timer.c.obj
                0x00000000100016e0                hardware_alarm_claim
 .text.time_us_64
                0x00000000100016f8       0x18 CMakeFiles/pami-main.dir/home/intech/pico/pico-sdk/src/rp2_common/hardware_timer/timer.c.obj
                0x00000000100016f8                time_us_64
 .text.hardware_alarm_set_callback
                0x0000000010001710       0x8c CMakeFiles/pami-main.dir/home/intech/pico/pico-sdk/src/rp2_common/hardware_timer/timer.c.obj
                0x0000000010001710                hardware_alarm_set_callback
 .text.hardware_alarm_set_target
                0x000000001000179c       0xd8 CMakeFiles/pami-main.dir/home/intech/pico/pico-sdk/src/rp2_common/hardware_timer/timer.c.obj
                0x000000001000179c                hardware_alarm_set_target
 .text.hardware_alarm_cancel
                0x0000000010001874       0x40 CMakeFiles/pami-main.dir/home/intech/pico/pico-sdk/src/rp2_common/hardware_timer/timer.c.obj
                0x0000000010001874                hardware_alarm_cancel
 .text.ph_merge_nodes
                0x00000000100018b4       0x5c CMakeFiles/pami-main.dir/home/intech/pico/pico-sdk/src/common/pico_util/pheap.c.obj
 .text.ph_post_alloc_init
                0x0000000010001910      0x1b8 CMakeFiles/pami-main.dir/home/intech/pico/pico-sdk/src/common/pico_util/pheap.c.obj
                0x0000000010001910                ph_post_alloc_init
 .text.ph_merge_two_pass
                0x0000000010001ac8       0x4c CMakeFiles/pami-main.dir/home/intech/pico/pico-sdk/src/common/pico_util/pheap.c.obj
                0x0000000010001ac8                ph_merge_two_pass
 .text.ph_remove_any_head
                0x0000000010001b14      0x1c0 CMakeFiles/pami-main.dir/home/intech/pico/pico-sdk/src/common/pico_util/pheap.c.obj
 .text.ph_remove_head
                0x0000000010001cd4      0x1c4 CMakeFiles/pami-main.dir/home/intech/pico/pico-sdk/src/common/pico_util/pheap.c.obj
                0x0000000010001cd4                ph_remove_head
 .text.ph_remove_and_free_node
                0x0000000010001e98       0x7c CMakeFiles/pami-main.dir/home/intech/pico/pico-sdk/src/common/pico_util/pheap.c.obj
                0x0000000010001e98                ph_remove_and_free_node
 .text.clocks_init
                0x0000000010001f14      0x2d4 CMakeFiles/pami-main.dir/home/intech/pico/pico-sdk/src/rp2_common/hardware_clocks/clocks.c.obj
                0x0000000010001f14                clocks_init
 .text.pll_init
                0x00000000100021e8       0xa0 CMakeFiles/pami-main.dir/home/intech/pico/pico-sdk/src/rp2_common/hardware_pll/pll.c.obj
                0x00000000100021e8                pll_init
 .text.watchdog_start_tick
                0x0000000010002288       0x10 CMakeFiles/pami-main.dir/home/intech/pico/pico-sdk/src/rp2_common/hardware_watchdog/watchdog.c.obj
                0x0000000010002288                watchdog_start_tick
 .text.watchdog_reboot
                0x0000000010002298       0x98 CMakeFiles/pami-main.dir/home/intech/pico/pico-sdk/src/rp2_common/hardware_watchdog/watchdog.c.obj
                0x0000000010002298                watchdog_reboot
 .text.xosc_init
                0x0000000010002330       0x28 CMakeFiles/pami-main.dir/home/intech/pico/pico-sdk/src/rp2_common/hardware_xosc/xosc.c.obj
                0x0000000010002330                xosc_init
 .text.runtime_init
                0x0000000010002358       0xf4 CMakeFiles/pami-main.dir/home/intech/pico/pico-sdk/src/rp2_common/pico_runtime/runtime.c.obj
                0x0000000010002358                runtime_init
 .text._exit    0x000000001000244c        0x4 CMakeFiles/pami-main.dir/home/intech/pico/pico-sdk/src/rp2_common/pico_runtime/runtime.c.obj
                0x000000001000244c                _exit
 .text.exit     0x0000000010002450        0x8 CMakeFiles/pami-main.dir/home/intech/pico/pico-sdk/src/rp2_common/pico_runtime/runtime.c.obj
                0x0000000010002450                exit
 .text.panic    0x0000000010002458       0x30 CMakeFiles/pami-main.dir/home/intech/pico/pico-sdk/src/rp2_common/pico_runtime/runtime.c.obj
                0x0000000010002458                panic
 .text.hard_assertion_failure
                0x0000000010002488        0xc CMakeFiles/pami-main.dir/home/intech/pico/pico-sdk/src/rp2_common/pico_runtime/runtime.c.obj
                0x0000000010002488                hard_assertion_failure
 .text._out_char
                0x0000000010002494       0x10 CMakeFiles/pami-main.dir/home/intech/pico/pico-sdk/src/rp2_common/pico_printf/printf.c.obj
 .text.weak_raw_vprintf
                0x00000000100024a4       0x30 CMakeFiles/pami-main.dir/home/intech/pico/pico-sdk/src/rp2_common/pico_printf/printf.c.obj
                0x00000000100024a4                weak_raw_vprintf
 .text          0x00000000100024d4       0x10 CMakeFiles/pami-main.dir/home/intech/pico/pico-sdk/src/rp2_common/pico_bit_ops/bit_ops_aeabi.S.obj
 .text.rom_func_lookup
                0x00000000100024e4       0x10 CMakeFiles/pami-main.dir/home/intech/pico/pico-sdk/src/rp2_common/pico_bootrom/bootrom.c.obj
                0x00000000100024e4                rom_func_lookup
 .text.rom_data_lookup
                0x00000000100024f4       0x10 CMakeFiles/pami-main.dir/home/intech/pico/pico-sdk/src/rp2_common/pico_bootrom/bootrom.c.obj
                0x00000000100024f4                rom_data_lookup
 .text.rom_funcs_lookup
                0x0000000010002504       0x3c CMakeFiles/pami-main.dir/home/intech/pico/pico-sdk/src/rp2_common/pico_bootrom/bootrom.c.obj
                0x0000000010002504                rom_funcs_lookup
 .text.__wrap___aeabi_uidiv
                0x0000000010002540       0x4c CMakeFiles/pami-main.dir/home/intech/pico/pico-sdk/src/rp2_common/pico_divider/divider.S.obj
                0x0000000010002540                __wrap___aeabi_uidiv
                0x0000000010002540                __wrap___aeabi_uidivmod
                0x0000000010002540                div_u32u32
                0x0000000010002540                divmod_u32u32
                0x0000000010002548                divmod_u32u32_unsafe
                0x0000000010002570                divmod_u32u32_savestate
 .text.__wrap___aeabi_darithmetic
                0x000000001000258c       0x80 CMakeFiles/pami-main.dir/home/intech/pico/pico-sdk/src/rp2_common/pico_double/double_aeabi.S.obj
                0x000000001000258c                __wrap___aeabi_drsub
                0x0000000010002592                __wrap___aeabi_dsub
                0x00000000100025a4                __wrap___aeabi_dadd
                0x00000000100025b6                __wrap___aeabi_ddiv
                0x00000000100025f2                __wrap___aeabi_dmul
 .text.__wrap___aeabi_ul2d
                0x000000001000260c       0x18 CMakeFiles/pami-main.dir/home/intech/pico/pico-sdk/src/rp2_common/pico_double/double_aeabi.S.obj
                0x000000001000260c                __wrap___aeabi_ul2d
 .text.__wrap___aeabi_d2f
                0x0000000010002624       0x18 CMakeFiles/pami-main.dir/home/intech/pico/pico-sdk/src/rp2_common/pico_double/double_aeabi.S.obj
                0x0000000010002624                __wrap___aeabi_d2f
 .text.__aeabi_double_init
                0x000000001000263c       0xbc CMakeFiles/pami-main.dir/home/intech/pico/pico-sdk/src/rp2_common/pico_double/double_init_rom.c.obj
                0x000000001000263c                __aeabi_double_init
 .text.double_table_shim_on_use_helper
                0x00000000100026f8       0x2c CMakeFiles/pami-main.dir/home/intech/pico/pico-sdk/src/rp2_common/pico_double/double_v1_rom_shim.S.obj
                0x00000000100026f8                double_table_shim_on_use_helper
 .text.__wrap___aeabi_dsub
                0x0000000010002724       0x10 CMakeFiles/pami-main.dir/home/intech/pico/pico-sdk/src/rp2_common/pico_double/double_v1_rom_shim.S.obj
                0x0000000010002724                drsub_shim
                0x000000001000272a                dsub_shim
 .text.dadd_shim
                0x0000000010002734      0x15c CMakeFiles/pami-main.dir/home/intech/pico/pico-sdk/src/rp2_common/pico_double/double_v1_rom_shim.S.obj
                0x0000000010002734                dadd_shim
 .text.dmul_shim
                0x0000000010002890      0x15c CMakeFiles/pami-main.dir/home/intech/pico/pico-sdk/src/rp2_common/pico_double/double_v1_rom_shim.S.obj
                0x0000000010002890                dmul_shim
 .text.ddiv_shim
                0x00000000100029ec      0x1b0 CMakeFiles/pami-main.dir/home/intech/pico/pico-sdk/src/rp2_common/pico_double/double_v1_rom_shim.S.obj
                0x00000000100029ec                ddiv_shim
 .text.double2float_shim
                0x0000000010002b9c       0x5c CMakeFiles/pami-main.dir/home/intech/pico/pico-sdk/src/rp2_common/pico_double/double_v1_rom_shim.S.obj
                0x0000000010002b9c                double2float_shim
 .text.x2double_shims
                0x0000000010002bf8       0x90 CMakeFiles/pami-main.dir/home/intech/pico/pico-sdk/src/rp2_common/pico_double/double_v1_rom_shim.S.obj
                0x0000000010002bf8                uint2double_shim
                0x0000000010002bfa                ufix2double_shim
                0x0000000010002c00                int2double_shim
                0x0000000010002c02                fix2double_shim
                0x0000000010002c08                uint642double_shim
                0x0000000010002c0a                ufix642double_shim
                0x0000000010002c10                int642double_shim
                0x0000000010002c12                fix642double_shim
 .text.__aeabi_lmul
                0x0000000010002c88       0x32 CMakeFiles/pami-main.dir/home/intech/pico/pico-sdk/src/rp2_common/pico_int64_ops/pico_int64_ops_aeabi.S.obj
                0x0000000010002c88                __wrap___aeabi_lmul
 *fill*         0x0000000010002cba        0x2 
 .text.__wrap___aeabi_farithmetic
                0x0000000010002cbc       0x48 CMakeFiles/pami-main.dir/home/intech/pico/pico-sdk/src/rp2_common/pico_float/float_aeabi.S.obj
                0x0000000010002cbc                __wrap___aeabi_frsub
                0x0000000010002cc2                __wrap___aeabi_fsub
                0x0000000010002cc8                __wrap___aeabi_fadd
                0x0000000010002cce                __wrap___aeabi_fdiv
                0x0000000010002cf6                __wrap___aeabi_fmul
 .text.__wrap___aeabi_cfcmple
                0x0000000010002d04       0x50 CMakeFiles/pami-main.dir/home/intech/pico/pico-sdk/src/rp2_common/pico_float/float_aeabi.S.obj
                0x0000000010002d04                __wrap___aeabi_cfrcmple
                0x0000000010002d10                __wrap___aeabi_cfcmpeq
                0x0000000010002d10                __wrap___aeabi_cfcmple
 .text.__wrap___aeabi_fcmplt
                0x0000000010002d54        0xc CMakeFiles/pami-main.dir/home/intech/pico/pico-sdk/src/rp2_common/pico_float/float_aeabi.S.obj
                0x0000000010002d54                __wrap___aeabi_fcmplt
 .text.__wrap___aeabi_fcmpgt
                0x0000000010002d60        0xa CMakeFiles/pami-main.dir/home/intech/pico/pico-sdk/src/rp2_common/pico_float/float_aeabi.S.obj
                0x0000000010002d60                __wrap___aeabi_fcmpgt
 *fill*         0x0000000010002d6a        0x2 
 .text.__wrap___aeabi_i2f
                0x0000000010002d6c       0x44 CMakeFiles/pami-main.dir/home/intech/pico/pico-sdk/src/rp2_common/pico_float/float_aeabi.S.obj
                0x0000000010002d6c                __wrap___aeabi_i2f
 .text.__wrap___aeabi_f2uiz
                0x0000000010002db0        0xc CMakeFiles/pami-main.dir/home/intech/pico/pico-sdk/src/rp2_common/pico_float/float_aeabi.S.obj
                0x0000000010002db0                __wrap___aeabi_f2uiz
 .text.__aeabi_float_init
                0x0000000010002dbc       0x68 CMakeFiles/pami-main.dir/home/intech/pico/pico-sdk/src/rp2_common/pico_float/float_init_rom.c.obj
                0x0000000010002dbc                __aeabi_float_init
 .text.float_table_shim_on_use_helper
                0x0000000010002e24       0x2c CMakeFiles/pami-main.dir/home/intech/pico/pico-sdk/src/rp2_common/pico_float/float_v1_rom_shim.S.obj
                0x0000000010002e24                float_table_shim_on_use_helper
 .text          0x0000000010002e50       0x10 CMakeFiles/pami-main.dir/home/intech/pico/pico-sdk/src/rp2_common/pico_mem_ops/mem_ops_aeabi.S.obj
                0x0000000010002e50                __aeabi_mem_init
 .text.memset   0x0000000010002e60        0xc CMakeFiles/pami-main.dir/home/intech/pico/pico-sdk/src/rp2_common/pico_mem_ops/mem_ops_aeabi.S.obj
                0x0000000010002e60                __wrap_memset
 .text.memcpy   0x0000000010002e6c        0xc CMakeFiles/pami-main.dir/home/intech/pico/pico-sdk/src/rp2_common/pico_mem_ops/mem_ops_aeabi.S.obj
                0x0000000010002e6c                __wrap___aeabi_memcpy
                0x0000000010002e6c                __wrap_memcpy
 .text.stdio_out_chars_no_crlf
                0x0000000010002e78       0x10 CMakeFiles/pami-main.dir/home/intech/pico/pico-sdk/src/rp2_common/pico_stdio/stdio.c.obj
 .text.stdio_out_chars_crlf
                0x0000000010002e88       0xac CMakeFiles/pami-main.dir/home/intech/pico/pico-sdk/src/rp2_common/pico_stdio/stdio.c.obj
 .text.stdio_put_string
                0x0000000010002f34      0x104 CMakeFiles/pami-main.dir/home/intech/pico/pico-sdk/src/rp2_common/pico_stdio/stdio.c.obj
 .text.__wrap_putchar
                0x0000000010003038       0x98 CMakeFiles/pami-main.dir/home/intech/pico/pico-sdk/src/rp2_common/pico_stdio/stdio.c.obj
                0x0000000010003038                __wrap_putchar
 .text.__wrap_puts
                0x00000000100030d0       0x3c CMakeFiles/pami-main.dir/home/intech/pico/pico-sdk/src/rp2_common/pico_stdio/stdio.c.obj
                0x00000000100030d0                __wrap_puts
 .text.stdio_set_driver_enabled
                0x000000001000310c       0x30 CMakeFiles/pami-main.dir/home/intech/pico/pico-sdk/src/rp2_common/pico_stdio/stdio.c.obj
                0x000000001000310c                stdio_set_driver_enabled
 .text.stdio_init_all
                0x000000001000313c        0x8 CMakeFiles/pami-main.dir/home/intech/pico/pico-sdk/src/rp2_common/pico_stdio/stdio.c.obj
                0x000000001000313c                stdio_init_all
 .text.resetd_init
                0x0000000010003144        0x4 CMakeFiles/pami-main.dir/home/intech/pico/pico-sdk/src/rp2_common/pico_stdio_usb/reset_interface.c.obj
 .text.resetd_reset
                0x0000000010003148        0xc CMakeFiles/pami-main.dir/home/intech/pico/pico-sdk/src/rp2_common/pico_stdio_usb/reset_interface.c.obj
 .text.resetd_open
                0x0000000010003154       0x28 CMakeFiles/pami-main.dir/home/intech/pico/pico-sdk/src/rp2_common/pico_stdio_usb/reset_interface.c.obj
 .text.resetd_xfer_cb
                0x000000001000317c        0x4 CMakeFiles/pami-main.dir/home/intech/pico/pico-sdk/src/rp2_common/pico_stdio_usb/reset_interface.c.obj
 .text.resetd_control_xfer_cb
                0x0000000010003180       0x64 CMakeFiles/pami-main.dir/home/intech/pico/pico-sdk/src/rp2_common/pico_stdio_usb/reset_interface.c.obj
 .text.usbd_app_driver_get_cb
                0x00000000100031e4        0xc CMakeFiles/pami-main.dir/home/intech/pico/pico-sdk/src/rp2_common/pico_stdio_usb/reset_interface.c.obj
                0x00000000100031e4                usbd_app_driver_get_cb
 .text.tud_cdc_line_coding_cb
                0x00000000100031f0       0x34 CMakeFiles/pami-main.dir/home/intech/pico/pico-sdk/src/rp2_common/pico_stdio_usb/reset_interface.c.obj
                0x00000000100031f0                tud_cdc_line_coding_cb
 .text.stdio_usb_set_chars_available_callback
                0x0000000010003224       0x14 CMakeFiles/pami-main.dir/home/intech/pico/pico-sdk/src/rp2_common/pico_stdio_usb/stdio_usb.c.obj
                0x0000000010003224                stdio_usb_set_chars_available_callback
 .text.timer_task
                0x0000000010003238       0x54 CMakeFiles/pami-main.dir/home/intech/pico/pico-sdk/src/rp2_common/pico_stdio_usb/stdio_usb.c.obj
 .text.usb_irq  0x000000001000328c       0x10 CMakeFiles/pami-main.dir/home/intech/pico/pico-sdk/src/rp2_common/pico_stdio_usb/stdio_usb.c.obj
 .text.stdio_usb_in_chars
                0x000000001000329c       0x90 CMakeFiles/pami-main.dir/home/intech/pico/pico-sdk/src/rp2_common/pico_stdio_usb/stdio_usb.c.obj
                0x000000001000329c                stdio_usb_in_chars
 .text.stdio_usb_out_chars
                0x000000001000332c      0x110 CMakeFiles/pami-main.dir/home/intech/pico/pico-sdk/src/rp2_common/pico_stdio_usb/stdio_usb.c.obj
 .text.low_priority_worker_irq
                0x000000001000343c       0xa8 CMakeFiles/pami-main.dir/home/intech/pico/pico-sdk/src/rp2_common/pico_stdio_usb/stdio_usb.c.obj
 .text.tud_cdc_rx_cb
                0x00000000100034e4       0x20 CMakeFiles/pami-main.dir/home/intech/pico/pico-sdk/src/rp2_common/pico_stdio_usb/stdio_usb.c.obj
                0x00000000100034e4                tud_cdc_rx_cb
 .text.stdio_usb_init
                0x0000000010003504       0xdc CMakeFiles/pami-main.dir/home/intech/pico/pico-sdk/src/rp2_common/pico_stdio_usb/stdio_usb.c.obj
                0x0000000010003504                stdio_usb_init
 .text.tud_descriptor_device_cb
                0x00000000100035e0        0x8 CMakeFiles/pami-main.dir/home/intech/pico/pico-sdk/src/rp2_common/pico_stdio_usb/stdio_usb_descriptors.c.obj
                0x00000000100035e0                tud_descriptor_device_cb
 .text.tud_descriptor_configuration_cb
                0x00000000100035e8        0x8 CMakeFiles/pami-main.dir/home/intech/pico/pico-sdk/src/rp2_common/pico_stdio_usb/stdio_usb_descriptors.c.obj
                0x00000000100035e8                tud_descriptor_configuration_cb
 .text.tud_descriptor_string_cb
                0x00000000100035f0       0x70 CMakeFiles/pami-main.dir/home/intech/pico/pico-sdk/src/rp2_common/pico_stdio_usb/stdio_usb_descriptors.c.obj
                0x00000000100035f0                tud_descriptor_string_cb
 .text.startup._retrieve_unique_id_on_boot
                0x0000000010003660       0x10 CMakeFiles/pami-main.dir/home/intech/pico/pico-sdk/src/rp2_common/pico_unique_id/unique_id.c.obj
 .text.pico_get_unique_board_id_string
                0x0000000010003670      0x1cc CMakeFiles/pami-main.dir/home/intech/pico/pico-sdk/src/rp2_common/pico_unique_id/unique_id.c.obj
                0x0000000010003670                pico_get_unique_board_id_string
 .text.flash_get_unique_id
                0x000000001000383c       0x3c CMakeFiles/pami-main.dir/home/intech/pico/pico-sdk/src/rp2_common/hardware_flash/flash.c.obj
                0x000000001000383c                flash_get_unique_id
 .text.dcd_int_enable
                0x0000000010003878        0xc CMakeFiles/pami-main.dir/home/intech/pico/pico-sdk/lib/tinyusb/src/portable/raspberrypi/rp2040/dcd_rp2040.c.obj
                0x0000000010003878                dcd_int_enable
 .text.dcd_set_address
                0x0000000010003884       0x14 CMakeFiles/pami-main.dir/home/intech/pico/pico-sdk/lib/tinyusb/src/portable/raspberrypi/rp2040/dcd_rp2040.c.obj
                0x0000000010003884                dcd_set_address
 .text.dcd_connect
                0x0000000010003898       0x10 CMakeFiles/pami-main.dir/home/intech/pico/pico-sdk/lib/tinyusb/src/portable/raspberrypi/rp2040/dcd_rp2040.c.obj
                0x0000000010003898                dcd_connect
 .text.dcd_init
                0x00000000100038a8       0x90 CMakeFiles/pami-main.dir/home/intech/pico/pico-sdk/lib/tinyusb/src/portable/raspberrypi/rp2040/dcd_rp2040.c.obj
                0x00000000100038a8                dcd_init
 .text.dcd_edpt0_status_complete
                0x0000000010003938       0x1c CMakeFiles/pami-main.dir/home/intech/pico/pico-sdk/lib/tinyusb/src/portable/raspberrypi/rp2040/dcd_rp2040.c.obj
                0x0000000010003938                dcd_edpt0_status_complete
 .text.dcd_edpt_open
                0x0000000010003954      0x10c CMakeFiles/pami-main.dir/home/intech/pico/pico-sdk/lib/tinyusb/src/portable/raspberrypi/rp2040/dcd_rp2040.c.obj
                0x0000000010003954                dcd_edpt_open
 .text.dcd_edpt_close_all
                0x0000000010003a60        0x8 CMakeFiles/pami-main.dir/home/intech/pico/pico-sdk/lib/tinyusb/src/portable/raspberrypi/rp2040/dcd_rp2040.c.obj
                0x0000000010003a60                dcd_edpt_close_all
 .text.dcd_edpt_xfer
                0x0000000010003a68       0x24 CMakeFiles/pami-main.dir/home/intech/pico/pico-sdk/lib/tinyusb/src/portable/raspberrypi/rp2040/dcd_rp2040.c.obj
                0x0000000010003a68                dcd_edpt_xfer
 .text.dcd_edpt_stall
                0x0000000010003a8c       0x34 CMakeFiles/pami-main.dir/home/intech/pico/pico-sdk/lib/tinyusb/src/portable/raspberrypi/rp2040/dcd_rp2040.c.obj
                0x0000000010003a8c                dcd_edpt_stall
 .text.dcd_edpt_clear_stall
                0x0000000010003ac0       0x2c CMakeFiles/pami-main.dir/home/intech/pico/pico-sdk/lib/tinyusb/src/portable/raspberrypi/rp2040/dcd_rp2040.c.obj
                0x0000000010003ac0                dcd_edpt_clear_stall
 .text.rp2040_usb_init
                0x0000000010003aec       0x4c CMakeFiles/pami-main.dir/home/intech/pico/pico-sdk/lib/tinyusb/src/portable/raspberrypi/rp2040/rp2040_usb.c.obj
                0x0000000010003aec                rp2040_usb_init
 .text.hw_endpoint_xfer_start
                0x0000000010003b38       0x54 CMakeFiles/pami-main.dir/home/intech/pico/pico-sdk/lib/tinyusb/src/portable/raspberrypi/rp2040/rp2040_usb.c.obj
                0x0000000010003b38                hw_endpoint_xfer_start
 .text.tud_mounted
                0x0000000010003b8c       0x10 CMakeFiles/pami-main.dir/home/intech/pico/pico-sdk/lib/tinyusb/src/device/usbd.c.obj
                0x0000000010003b8c                tud_mounted
 .text.tud_suspended
                0x0000000010003b9c       0x10 CMakeFiles/pami-main.dir/home/intech/pico/pico-sdk/lib/tinyusb/src/device/usbd.c.obj
                0x0000000010003b9c                tud_suspended
 .text.tud_inited
                0x0000000010003bac       0x14 CMakeFiles/pami-main.dir/home/intech/pico/pico-sdk/lib/tinyusb/src/device/usbd.c.obj
                0x0000000010003bac                tud_inited
 .text.tud_init
                0x0000000010003bc0       0xe4 CMakeFiles/pami-main.dir/home/intech/pico/pico-sdk/lib/tinyusb/src/device/usbd.c.obj
                0x0000000010003bc0                tud_init
 .text.tud_task_ext
                0x0000000010003ca4      0x88c CMakeFiles/pami-main.dir/home/intech/pico/pico-sdk/lib/tinyusb/src/device/usbd.c.obj
                0x0000000010003ca4                tud_task_ext
 .text.usbd_open_edpt_pair
                0x0000000010004530       0xbc CMakeFiles/pami-main.dir/home/intech/pico/pico-sdk/lib/tinyusb/src/device/usbd.c.obj
                0x0000000010004530                usbd_open_edpt_pair
 .text.usbd_defer_func
                0x00000000100045ec       0x4c CMakeFiles/pami-main.dir/home/intech/pico/pico-sdk/lib/tinyusb/src/device/usbd.c.obj
                0x00000000100045ec                usbd_defer_func
 .text.usbd_edpt_open
                0x0000000010004638       0x34 CMakeFiles/pami-main.dir/home/intech/pico/pico-sdk/lib/tinyusb/src/device/usbd.c.obj
                0x0000000010004638                usbd_edpt_open
 .text.usbd_edpt_claim
                0x000000001000466c       0x28 CMakeFiles/pami-main.dir/home/intech/pico/pico-sdk/lib/tinyusb/src/device/usbd.c.obj
                0x000000001000466c                usbd_edpt_claim
 .text.usbd_edpt_release
                0x0000000010004694       0x28 CMakeFiles/pami-main.dir/home/intech/pico/pico-sdk/lib/tinyusb/src/device/usbd.c.obj
                0x0000000010004694                usbd_edpt_release
 .text.usbd_edpt_xfer
                0x00000000100046bc       0x4c CMakeFiles/pami-main.dir/home/intech/pico/pico-sdk/lib/tinyusb/src/device/usbd.c.obj
                0x00000000100046bc                usbd_edpt_xfer
 .text.tud_control_status
                0x0000000010004708       0x30 CMakeFiles/pami-main.dir/home/intech/pico/pico-sdk/lib/tinyusb/src/device/usbd_control.c.obj
                0x0000000010004708                tud_control_status
 .text.tud_control_xfer
                0x0000000010004738       0xb4 CMakeFiles/pami-main.dir/home/intech/pico/pico-sdk/lib/tinyusb/src/device/usbd_control.c.obj
                0x0000000010004738                tud_control_xfer
 .text.usbd_control_reset
                0x00000000100047ec       0x14 CMakeFiles/pami-main.dir/home/intech/pico/pico-sdk/lib/tinyusb/src/device/usbd_control.c.obj
                0x00000000100047ec                usbd_control_reset
 .text.usbd_control_set_complete_callback
                0x0000000010004800        0xc CMakeFiles/pami-main.dir/home/intech/pico/pico-sdk/lib/tinyusb/src/device/usbd_control.c.obj
                0x0000000010004800                usbd_control_set_complete_callback
 .text.usbd_control_set_request
                0x000000001000480c       0x1c CMakeFiles/pami-main.dir/home/intech/pico/pico-sdk/lib/tinyusb/src/device/usbd_control.c.obj
                0x000000001000480c                usbd_control_set_request
 .text.usbd_control_xfer_cb
                0x0000000010004828       0xfc CMakeFiles/pami-main.dir/home/intech/pico/pico-sdk/lib/tinyusb/src/device/usbd_control.c.obj
                0x0000000010004828                usbd_control_xfer_cb
 .text.tud_cdc_n_connected
                0x0000000010004924       0x30 CMakeFiles/pami-main.dir/home/intech/pico/pico-sdk/lib/tinyusb/src/class/cdc/cdc_device.c.obj
                0x0000000010004924                tud_cdc_n_connected
 .text.tud_cdc_n_available
                0x0000000010004954       0x18 CMakeFiles/pami-main.dir/home/intech/pico/pico-sdk/lib/tinyusb/src/class/cdc/cdc_device.c.obj
                0x0000000010004954                tud_cdc_n_available
 .text.tud_cdc_n_read
                0x000000001000496c       0x70 CMakeFiles/pami-main.dir/home/intech/pico/pico-sdk/lib/tinyusb/src/class/cdc/cdc_device.c.obj
                0x000000001000496c                tud_cdc_n_read
 .text.tud_cdc_n_write_flush
                0x00000000100049dc       0x78 CMakeFiles/pami-main.dir/home/intech/pico/pico-sdk/lib/tinyusb/src/class/cdc/cdc_device.c.obj
                0x00000000100049dc                tud_cdc_n_write_flush
 .text.tud_cdc_n_write
                0x0000000010004a54       0x34 CMakeFiles/pami-main.dir/home/intech/pico/pico-sdk/lib/tinyusb/src/class/cdc/cdc_device.c.obj
                0x0000000010004a54                tud_cdc_n_write
 .text.tud_cdc_n_write_available
                0x0000000010004a88       0x18 CMakeFiles/pami-main.dir/home/intech/pico/pico-sdk/lib/tinyusb/src/class/cdc/cdc_device.c.obj
                0x0000000010004a88                tud_cdc_n_write_available
 .text.cdcd_init
                0x0000000010004aa0       0x7c CMakeFiles/pami-main.dir/home/intech/pico/pico-sdk/lib/tinyusb/src/class/cdc/cdc_device.c.obj
                0x0000000010004aa0                cdcd_init
 .text.cdcd_reset
                0x0000000010004b1c       0x2c CMakeFiles/pami-main.dir/home/intech/pico/pico-sdk/lib/tinyusb/src/class/cdc/cdc_device.c.obj
                0x0000000010004b1c                cdcd_reset
 .text.cdcd_open
                0x0000000010004b48       0xe8 CMakeFiles/pami-main.dir/home/intech/pico/pico-sdk/lib/tinyusb/src/class/cdc/cdc_device.c.obj
                0x0000000010004b48                cdcd_open
 .text.cdcd_control_xfer_cb
                0x0000000010004c30       0xdc CMakeFiles/pami-main.dir/home/intech/pico/pico-sdk/lib/tinyusb/src/class/cdc/cdc_device.c.obj
                0x0000000010004c30                cdcd_control_xfer_cb
 .text.cdcd_xfer_cb
                0x0000000010004d0c      0x19c CMakeFiles/pami-main.dir/home/intech/pico/pico-sdk/lib/tinyusb/src/class/cdc/cdc_device.c.obj
                0x0000000010004d0c                cdcd_xfer_cb
 .text.tusb_init
                0x0000000010004ea8        0xc CMakeFiles/pami-main.dir/home/intech/pico/pico-sdk/lib/tinyusb/src/tusb.c.obj
                0x0000000010004ea8                tusb_init
 .text.tusb_inited
                0x0000000010004eb4        0x8 CMakeFiles/pami-main.dir/home/intech/pico/pico-sdk/lib/tinyusb/src/tusb.c.obj
                0x0000000010004eb4                tusb_inited
 .text.tu_edpt_claim
                0x0000000010004ebc       0x4c CMakeFiles/pami-main.dir/home/intech/pico/pico-sdk/lib/tinyusb/src/tusb.c.obj
                0x0000000010004ebc                tu_edpt_claim
 .text.tu_edpt_release
                0x0000000010004f08       0x38 CMakeFiles/pami-main.dir/home/intech/pico/pico-sdk/lib/tinyusb/src/tusb.c.obj
                0x0000000010004f08                tu_edpt_release
 .text.tu_edpt_validate
                0x0000000010004f40       0x74 CMakeFiles/pami-main.dir/home/intech/pico/pico-sdk/lib/tinyusb/src/tusb.c.obj
                0x0000000010004f40                tu_edpt_validate
 .text.tu_edpt_bind_driver
                0x0000000010004fb4       0x34 CMakeFiles/pami-main.dir/home/intech/pico/pico-sdk/lib/tinyusb/src/tusb.c.obj
                0x0000000010004fb4                tu_edpt_bind_driver
 .text.tu_fifo_config
                0x0000000010004fe8       0x7c CMakeFiles/pami-main.dir/home/intech/pico/pico-sdk/lib/tinyusb/src/common/tusb_fifo.c.obj
                0x0000000010004fe8                tu_fifo_config
 .text.tu_fifo_count
                0x0000000010005064       0x28 CMakeFiles/pami-main.dir/home/intech/pico/pico-sdk/lib/tinyusb/src/common/tusb_fifo.c.obj
                0x0000000010005064                tu_fifo_count
 .text.tu_fifo_empty
                0x000000001000508c       0x10 CMakeFiles/pami-main.dir/home/intech/pico/pico-sdk/lib/tinyusb/src/common/tusb_fifo.c.obj
                0x000000001000508c                tu_fifo_empty
 .text.tu_fifo_remaining
                0x000000001000509c       0x28 CMakeFiles/pami-main.dir/home/intech/pico/pico-sdk/lib/tinyusb/src/common/tusb_fifo.c.obj
                0x000000001000509c                tu_fifo_remaining
 .text.tu_fifo_read
                0x00000000100050c4       0xa4 CMakeFiles/pami-main.dir/home/intech/pico/pico-sdk/lib/tinyusb/src/common/tusb_fifo.c.obj
                0x00000000100050c4                tu_fifo_read
 .text.tu_fifo_read_n
                0x0000000010005168       0xf0 CMakeFiles/pami-main.dir/home/intech/pico/pico-sdk/lib/tinyusb/src/common/tusb_fifo.c.obj
                0x0000000010005168                tu_fifo_read_n
 .text.tu_fifo_write
                0x0000000010005258       0x8c CMakeFiles/pami-main.dir/home/intech/pico/pico-sdk/lib/tinyusb/src/common/tusb_fifo.c.obj
                0x0000000010005258                tu_fifo_write
 .text.tu_fifo_write_n
                0x00000000100052e4      0x160 CMakeFiles/pami-main.dir/home/intech/pico/pico-sdk/lib/tinyusb/src/common/tusb_fifo.c.obj
                0x00000000100052e4                tu_fifo_write_n
 .text.tu_fifo_clear
                0x0000000010005444       0x40 CMakeFiles/pami-main.dir/home/intech/pico/pico-sdk/lib/tinyusb/src/common/tusb_fifo.c.obj
                0x0000000010005444                tu_fifo_clear
 .text.tu_fifo_set_overwritable
                0x0000000010005484       0x48 CMakeFiles/pami-main.dir/home/intech/pico/pico-sdk/lib/tinyusb/src/common/tusb_fifo.c.obj
                0x0000000010005484                tu_fifo_set_overwritable
 .text          0x00000000100054cc       0x68 /usr/lib/gcc/arm-none-eabi/8.3.1/../../../arm-none-eabi/lib/thumb/v6-m/nofp/libc.a(lib_a-strlen-stub.o)
                0x00000000100054cc                strlen
 *(.fini)
 .fini          0x0000000010005534        0x4 /usr/lib/gcc/arm-none-eabi/8.3.1/thumb/v6-m/nofp/crti.o
                0x0000000010005534                _fini
 .fini.__stub   0x0000000010005538       0xc0 linker stubs
 *crtbegin.o(.ctors)
 *crtbegin?.o(.ctors)
 *(EXCLUDE_FILE(*crtend.o *crtend?.o) .ctors)
 *(SORT_BY_NAME(.ctors.*))
 *(.ctors)
 *crtbegin.o(.dtors)
 *crtbegin?.o(.dtors)
 *(EXCLUDE_FILE(*crtend.o *crtend?.o) .dtors)
 *(SORT_BY_NAME(.dtors.*))
 *(.dtors)
 *(.eh_frame*)
 .eh_frame      0x00000000100055f8        0x0 /usr/lib/gcc/arm-none-eabi/8.3.1/thumb/v6-m/nofp/crtbegin.o
                0x00000000100055f8                . = ALIGN (0x4)

.glue_7         0x00000000100055f8        0x0
 .glue_7        0x00000000100055f8        0x0 linker stubs

.glue_7t        0x00000000100055f8        0x0
 .glue_7t       0x00000000100055f8        0x0 linker stubs

.vfp11_veneer   0x00000000100055f8        0x0
 .vfp11_veneer  0x00000000100055f8        0x0 linker stubs

.v4_bx          0x00000000100055f8        0x0
 .v4_bx         0x00000000100055f8        0x0 linker stubs

.iplt           0x00000000100055f8        0x0
 .iplt          0x00000000100055f8        0x0 /usr/lib/gcc/arm-none-eabi/8.3.1/thumb/v6-m/nofp/crtbegin.o

.rodata         0x00000000100055f8      0x314
 *(EXCLUDE_FILE(*libm.a: *libc.a:*lib_a-mem*.o *libgcc.a:) .rodata*)
 .rodata.motor_new.str1.4
                0x00000000100055f8       0x3f CMakeFiles/pami-main.dir/src/motor.c.obj
 *fill*         0x0000000010005637        0x1 
 .rodata.spin_lock_claim_unused.str1.4
                0x0000000010005638       0x1b CMakeFiles/pami-main.dir/home/intech/pico/pico-sdk/src/rp2_common/hardware_sync/sync.c.obj
 *fill*         0x0000000010005653        0x1 
 .rodata.user_irq_claim_unused.str1.4
                0x0000000010005654       0x1b CMakeFiles/pami-main.dir/home/intech/pico/pico-sdk/src/rp2_common/hardware_irq/irq.c.obj
 *fill*         0x000000001000566f        0x1 
 .rodata.hardware_alarm_claim.str1.4
                0x0000000010005670       0x22 CMakeFiles/pami-main.dir/home/intech/pico/pico-sdk/src/rp2_common/hardware_timer/timer.c.obj
 *fill*         0x0000000010005692        0x2 
 .rodata.hard_assertion_failure.str1.4
                0x0000000010005694        0xc CMakeFiles/pami-main.dir/home/intech/pico/pico-sdk/src/rp2_common/pico_runtime/runtime.c.obj
 .rodata.panic.str1.4
                0x00000000100056a0       0x12 CMakeFiles/pami-main.dir/home/intech/pico/pico-sdk/src/rp2_common/pico_runtime/runtime.c.obj
 *fill*         0x00000000100056b2        0x2 
 .rodata.__bi_44
                0x00000000100056b4        0xc CMakeFiles/pami-main.dir/home/intech/pico/pico-sdk/src/rp2_common/pico_standard_link/binary_info.c.obj
 .rodata.__bi_75
                0x00000000100056c0        0xc CMakeFiles/pami-main.dir/home/intech/pico/pico-sdk/src/rp2_common/pico_standard_link/binary_info.c.obj
 .rodata.__bi_81
                0x00000000100056cc        0xc CMakeFiles/pami-main.dir/home/intech/pico/pico-sdk/src/rp2_common/pico_standard_link/binary_info.c.obj
 .rodata.str1.4
                0x00000000100056d8       0x40 CMakeFiles/pami-main.dir/home/intech/pico/pico-sdk/src/rp2_common/pico_standard_link/binary_info.c.obj
 .rodata.crlf_str.6137
                0x0000000010005718        0x2 CMakeFiles/pami-main.dir/home/intech/pico/pico-sdk/src/rp2_common/pico_stdio/stdio.c.obj
 *fill*         0x000000001000571a        0x2 
 .rodata._resetd_driver
                0x000000001000571c       0x18 CMakeFiles/pami-main.dir/home/intech/pico/pico-sdk/src/rp2_common/pico_stdio_usb/reset_interface.c.obj
 .rodata.__bi_182.7708
                0x0000000010005734        0xc CMakeFiles/pami-main.dir/home/intech/pico/pico-sdk/src/rp2_common/pico_stdio_usb/stdio_usb.c.obj
 .rodata.str1.4
                0x0000000010005740       0x13 CMakeFiles/pami-main.dir/home/intech/pico/pico-sdk/src/rp2_common/pico_stdio_usb/stdio_usb.c.obj
 *fill*         0x0000000010005753        0x1 
 .rodata.str1.4
                0x0000000010005754       0x2a CMakeFiles/pami-main.dir/home/intech/pico/pico-sdk/src/rp2_common/pico_stdio_usb/stdio_usb_descriptors.c.obj
 *fill*         0x000000001000577e        0x2 
 .rodata.usbd_desc_cfg
                0x0000000010005780       0x54 CMakeFiles/pami-main.dir/home/intech/pico/pico-sdk/src/rp2_common/pico_stdio_usb/stdio_usb_descriptors.c.obj
 .rodata.usbd_desc_device
                0x00000000100057d4       0x12 CMakeFiles/pami-main.dir/home/intech/pico/pico-sdk/src/rp2_common/pico_stdio_usb/stdio_usb_descriptors.c.obj
 *fill*         0x00000000100057e6        0x2 
 .rodata.usbd_desc_str
                0x00000000100057e8       0x18 CMakeFiles/pami-main.dir/home/intech/pico/pico-sdk/src/rp2_common/pico_stdio_usb/stdio_usb_descriptors.c.obj
 .rodata.str1.4
                0x0000000010005800       0x14 CMakeFiles/pami-main.dir/home/intech/pico/pico-sdk/lib/tinyusb/src/portable/raspberrypi/rp2040/dcd_rp2040.c.obj
 .rodata.str1.4
                0x0000000010005814       0x53 CMakeFiles/pami-main.dir/home/intech/pico/pico-sdk/lib/tinyusb/src/portable/raspberrypi/rp2040/rp2040_usb.c.obj
 *fill*         0x0000000010005867        0x1 
 .rodata.tud_task_ext
                0x0000000010005868       0x8c CMakeFiles/pami-main.dir/home/intech/pico/pico-sdk/lib/tinyusb/src/device/usbd.c.obj
 .rodata._usbd_driver
                0x00000000100058f4       0x18 CMakeFiles/pami-main.dir/home/intech/pico/pico-sdk/lib/tinyusb/src/device/usbd.c.obj
                0x000000001000590c                . = ALIGN (0x4)
 *(SORT_BY_ALIGNMENT(SORT_BY_NAME(.flashdata*)))
                0x000000001000590c                . = ALIGN (0x4)

.ARM.extab
 *(.ARM.extab* .gnu.linkonce.armextab.*)
                0x000000001000590c                __exidx_start = .

.ARM.exidx
 *(.ARM.exidx* .gnu.linkonce.armexidx.*)
                0x000000001000590c                __exidx_end = .
                0x000000001000590c                . = ALIGN (0x4)
                0x000000001000590c                __binary_info_start = .

.binary_info    0x000000001000590c       0x20
 *(.binary_info.keep.*)
 .binary_info.keep.__bi_ptr22
                0x000000001000590c        0x4 CMakeFiles/pami-main.dir/home/intech/pico/pico-sdk/src/rp2_common/pico_standard_link/binary_info.c.obj
 .binary_info.keep.__bi_ptr30
                0x0000000010005910        0x4 CMakeFiles/pami-main.dir/home/intech/pico/pico-sdk/src/rp2_common/pico_standard_link/binary_info.c.obj
 .binary_info.keep.__bi_ptr38
                0x0000000010005914        0x4 CMakeFiles/pami-main.dir/home/intech/pico/pico-sdk/src/rp2_common/pico_standard_link/binary_info.c.obj
 .binary_info.keep.__bi_ptr44
                0x0000000010005918        0x4 CMakeFiles/pami-main.dir/home/intech/pico/pico-sdk/src/rp2_common/pico_standard_link/binary_info.c.obj
 .binary_info.keep.__bi_ptr50
                0x000000001000591c        0x4 CMakeFiles/pami-main.dir/home/intech/pico/pico-sdk/src/rp2_common/pico_standard_link/binary_info.c.obj
 .binary_info.keep.__bi_ptr75
                0x0000000010005920        0x4 CMakeFiles/pami-main.dir/home/intech/pico/pico-sdk/src/rp2_common/pico_standard_link/binary_info.c.obj
 .binary_info.keep.__bi_ptr81
                0x0000000010005924        0x4 CMakeFiles/pami-main.dir/home/intech/pico/pico-sdk/src/rp2_common/pico_standard_link/binary_info.c.obj
 *(.binary_info.*)
 .binary_info.__bi_ptr182
                0x0000000010005928        0x4 CMakeFiles/pami-main.dir/home/intech/pico/pico-sdk/src/rp2_common/pico_stdio_usb/stdio_usb.c.obj
                0x000000001000592c                __binary_info_end = .

.rel.dyn        0x000000001000592c        0x0
 .rel.iplt      0x000000001000592c        0x0 /usr/lib/gcc/arm-none-eabi/8.3.1/thumb/v6-m/nofp/crtbegin.o
                0x000000001000592c                . = ALIGN (0x4)

.ram_vector_table
                0x0000000020000000       0xc0
 *(.ram_vector_table)
 .ram_vector_table
                0x0000000020000000       0xc0 CMakeFiles/pami-main.dir/home/intech/pico/pico-sdk/src/rp2_common/pico_runtime/runtime.c.obj
                0x0000000020000000                ram_vector_table

.data           0x00000000200000c0      0xe90 load address 0x000000001000592c
                0x00000000200000c0                __data_start__ = .
 *(vtable)
 *(.time_critical*)
 .time_critical.mutex_try_enter
                0x00000000200000c0       0x48 CMakeFiles/pami-main.dir/home/intech/pico/pico-sdk/src/common/pico_sync/mutex.c.obj
                0x00000000200000c0                mutex_try_enter
 .time_critical.mutex_try_enter_block_until
                0x0000000020000108       0xb0 CMakeFiles/pami-main.dir/home/intech/pico/pico-sdk/src/common/pico_sync/mutex.c.obj
                0x0000000020000108                mutex_try_enter_block_until
 .time_critical.mutex_enter_timeout_ms
                0x00000000200001b8       0x90 CMakeFiles/pami-main.dir/home/intech/pico/pico-sdk/src/common/pico_sync/mutex.c.obj
                0x00000000200001b8                mutex_enter_timeout_ms
 .time_critical.mutex_exit
                0x0000000020000248       0x28 CMakeFiles/pami-main.dir/home/intech/pico/pico-sdk/src/common/pico_sync/mutex.c.obj
                0x0000000020000248                mutex_exit
 .time_critical.flash_init_boot2_copyout
                0x0000000020000270       0x30 CMakeFiles/pami-main.dir/home/intech/pico/pico-sdk/src/rp2_common/hardware_flash/flash.c.obj
 .time_critical.flash_enable_xip_via_boot2
                0x00000000200002a0       0x10 CMakeFiles/pami-main.dir/home/intech/pico/pico-sdk/src/rp2_common/hardware_flash/flash.c.obj
 .time_critical.flash_cs_force
                0x00000000200002b0       0x38 CMakeFiles/pami-main.dir/home/intech/pico/pico-sdk/src/rp2_common/hardware_flash/flash.c.obj
 .time_critical.flash_do_cmd
                0x00000000200002e8       0xb4 CMakeFiles/pami-main.dir/home/intech/pico/pico-sdk/src/rp2_common/hardware_flash/flash.c.obj
                0x00000000200002e8                flash_do_cmd
 .time_critical.reset_non_control_endpoints
                0x000000002000039c       0xbc CMakeFiles/pami-main.dir/home/intech/pico/pico-sdk/lib/tinyusb/src/portable/raspberrypi/rp2040/dcd_rp2040.c.obj
 .time_critical.hw_handle_buff_status
                0x0000000020000458       0xb4 CMakeFiles/pami-main.dir/home/intech/pico/pico-sdk/lib/tinyusb/src/portable/raspberrypi/rp2040/dcd_rp2040.c.obj
 .time_critical.dcd_rp2040_irq
                0x000000002000050c      0x500 CMakeFiles/pami-main.dir/home/intech/pico/pico-sdk/lib/tinyusb/src/portable/raspberrypi/rp2040/dcd_rp2040.c.obj
 .time_critical.prepare_ep_buffer
                0x0000000020000a0c       0x70 CMakeFiles/pami-main.dir/home/intech/pico/pico-sdk/lib/tinyusb/src/portable/raspberrypi/rp2040/rp2040_usb.c.obj
 .time_critical.sync_ep_buffer
                0x0000000020000a7c       0x4c CMakeFiles/pami-main.dir/home/intech/pico/pico-sdk/lib/tinyusb/src/portable/raspberrypi/rp2040/rp2040_usb.c.obj
 .time_critical._hw_endpoint_xfer_sync
                0x0000000020000ac8       0x28 CMakeFiles/pami-main.dir/home/intech/pico/pico-sdk/lib/tinyusb/src/portable/raspberrypi/rp2040/rp2040_usb.c.obj
 .time_critical.e15_is_bulkin_ep
                0x0000000020000af0       0x28 CMakeFiles/pami-main.dir/home/intech/pico/pico-sdk/lib/tinyusb/src/portable/raspberrypi/rp2040/rp2040_usb.c.obj
 .time_critical.e15_is_critical_frame_period
                0x0000000020000b18       0x38 CMakeFiles/pami-main.dir/home/intech/pico/pico-sdk/lib/tinyusb/src/portable/raspberrypi/rp2040/rp2040_usb.c.obj
 .time_critical.hw_endpoint_reset_transfer
                0x0000000020000b50        0xc CMakeFiles/pami-main.dir/home/intech/pico/pico-sdk/lib/tinyusb/src/portable/raspberrypi/rp2040/rp2040_usb.c.obj
                0x0000000020000b50                hw_endpoint_reset_transfer
 .time_critical._hw_endpoint_buffer_control_update32
                0x0000000020000b5c       0x58 CMakeFiles/pami-main.dir/home/intech/pico/pico-sdk/lib/tinyusb/src/portable/raspberrypi/rp2040/rp2040_usb.c.obj
                0x0000000020000b5c                _hw_endpoint_buffer_control_update32
 .time_critical.hw_endpoint_start_next_buffer
                0x0000000020000bb4       0x6c CMakeFiles/pami-main.dir/home/intech/pico/pico-sdk/lib/tinyusb/src/portable/raspberrypi/rp2040/rp2040_usb.c.obj
                0x0000000020000bb4                hw_endpoint_start_next_buffer
 .time_critical.hw_endpoint_xfer_continue
                0x0000000020000c20       0x50 CMakeFiles/pami-main.dir/home/intech/pico/pico-sdk/lib/tinyusb/src/portable/raspberrypi/rp2040/rp2040_usb.c.obj
                0x0000000020000c20                hw_endpoint_xfer_continue
 .time_critical.tinyusb
                0x0000000020000c70      0x16c CMakeFiles/pami-main.dir/home/intech/pico/pico-sdk/lib/tinyusb/src/device/usbd.c.obj
                0x0000000020000c70                dcd_event_handler
 *(.text*)
 .text          0x0000000020000ddc        0x4 /usr/lib/gcc/arm-none-eabi/8.3.1/thumb/v6-m/nofp/libgcc.a(_dvmd_tls.o)
                0x0000000020000ddc                __aeabi_ldiv0
                0x0000000020000ddc                __aeabi_idiv0
 .text.__stub   0x0000000020000de0       0x70 linker stubs
                0x0000000020000e50                . = ALIGN (0x4)
 *(.rodata*)
                0x0000000020000e50                . = ALIGN (0x4)
 *(.data*)
 .data.striped_spin_lock_num
                0x0000000020000e50        0x1 CMakeFiles/pami-main.dir/home/intech/pico/pico-sdk/src/rp2_common/hardware_sync/sync.c.obj
 *fill*         0x0000000020000e51        0x3 
 .data          0x0000000020000e54       0x48 CMakeFiles/pami-main.dir/home/intech/pico/pico-sdk/src/rp2_common/hardware_irq/irq_handler_chain.S.obj
                0x0000000020000e54                irq_handler_chain_slots
                0x0000000020000e84                irq_handler_chain_first_slot
                0x0000000020000e8e                irq_handler_chain_remove_tail
 .data.default_alarm_pool
                0x0000000020000e9c       0x18 CMakeFiles/pami-main.dir/home/intech/pico/pico-sdk/src/common/pico_time/time.c.obj
 .data.default_alarm_pool_heap
                0x0000000020000eb4       0x10 CMakeFiles/pami-main.dir/home/intech/pico/pico-sdk/src/common/pico_time/time.c.obj
 *fill*         0x0000000020000ec4        0xc 
 .data.aeabi_bits_funcs
                0x0000000020000ed0       0x10 CMakeFiles/pami-main.dir/home/intech/pico/pico-sdk/src/rp2_common/pico_bit_ops/bit_ops_aeabi.S.obj
                0x0000000020000ed0                aeabi_bits_funcs
                0x0000000020000ee0                aeabi_bits_funcs_end
 .data.aeabi_mem_funcs
                0x0000000020000ee0       0x10 CMakeFiles/pami-main.dir/home/intech/pico/pico-sdk/src/rp2_common/pico_mem_ops/mem_ops_aeabi.S.obj
                0x0000000020000ee0                aeabi_mem_funcs
                0x0000000020000ef0                aeabi_mem_funcs_end
 .data.stdio_usb
                0x0000000020000ef0       0x18 CMakeFiles/pami-main.dir/home/intech/pico/pico-sdk/src/rp2_common/pico_stdio_usb/stdio_usb.c.obj
                0x0000000020000ef0                stdio_usb
 .data.ep_dir_string
                0x0000000020000f08        0x8 CMakeFiles/pami-main.dir/home/intech/pico/pico-sdk/lib/tinyusb/src/portable/raspberrypi/rp2040/rp2040_usb.c.obj
                0x0000000020000f08                ep_dir_string
 .data._usbd_qdef
                0x0000000020000f10       0x1c CMakeFiles/pami-main.dir/home/intech/pico/pico-sdk/lib/tinyusb/src/device/usbd.c.obj
                0x0000000020000f10                _usbd_qdef
 .data._usbd_rhport
                0x0000000020000f2c        0x1 CMakeFiles/pami-main.dir/home/intech/pico/pico-sdk/lib/tinyusb/src/device/usbd.c.obj
                0x0000000020000f30                . = ALIGN (0x4)
 *fill*         0x0000000020000f2d        0x3 
 *(.after_data.*)
                0x0000000020000f30                . = ALIGN (0x4)
                0x0000000020000f30                PROVIDE (__mutex_array_start = .)
 *(SORT_BY_NAME(.mutex_array.*))
 *(.mutex_array)
 .mutex_array   0x0000000020000f30        0x8 CMakeFiles/pami-main.dir/home/intech/pico/pico-sdk/src/rp2_common/pico_stdio/stdio.c.obj
                0x0000000020000f38                PROVIDE (__mutex_array_end = .)
                0x0000000020000f38                . = ALIGN (0x4)
                0x0000000020000f38                PROVIDE (__preinit_array_start = .)
 *(SORT_BY_NAME(.preinit_array.*))
 .preinit_array.00001
                0x0000000020000f38        0x4 CMakeFiles/pami-main.dir/home/intech/pico/pico-sdk/src/rp2_common/pico_mem_ops/mem_ops_aeabi.S.obj
 .preinit_array.00010
                0x0000000020000f3c        0x4 CMakeFiles/pami-main.dir/home/intech/pico/pico-sdk/src/rp2_common/pico_bit_ops/bit_ops_aeabi.S.obj
 .preinit_array.00020
                0x0000000020000f40        0x4 CMakeFiles/pami-main.dir/home/intech/pico/pico-sdk/src/rp2_common/pico_double/double_aeabi.S.obj
 .preinit_array.00020
                0x0000000020000f44        0x4 CMakeFiles/pami-main.dir/home/intech/pico/pico-sdk/src/rp2_common/pico_float/float_aeabi.S.obj
 *(.preinit_array)
                0x0000000020000f48                PROVIDE (__preinit_array_end = .)
                0x0000000020000f48                . = ALIGN (0x4)
                0x0000000020000f48                PROVIDE (__init_array_start = .)
 *(SORT_BY_NAME(.init_array.*))
 *(.init_array)
 .init_array    0x0000000020000f48        0x4 /usr/lib/gcc/arm-none-eabi/8.3.1/thumb/v6-m/nofp/crtbegin.o
 .init_array    0x0000000020000f4c        0x4 CMakeFiles/pami-main.dir/home/intech/pico/pico-sdk/src/rp2_common/pico_unique_id/unique_id.c.obj
                0x0000000020000f50                PROVIDE (__init_array_end = .)
                0x0000000020000f50                . = ALIGN (0x4)
                0x0000000020000f50                PROVIDE (__fini_array_start = .)
 *(SORT_BY_NAME(.fini_array.*))
 *(.fini_array)
                0x0000000020000f50                PROVIDE (__fini_array_end = .)
 *(.jcr)
                0x0000000020000f50                . = ALIGN (0x4)
                0x0000000020000f50                __data_end__ = .
                0x000000001000592c                __etext = LOADADDR (.data)

.tm_clone_table
                0x0000000020000f50        0x0 load address 0x00000000100067bc
 .tm_clone_table
                0x0000000020000f50        0x0 /usr/lib/gcc/arm-none-eabi/8.3.1/thumb/v6-m/nofp/crtbegin.o
 .tm_clone_table
                0x0000000020000f50        0x0 /usr/lib/gcc/arm-none-eabi/8.3.1/thumb/v6-m/nofp/crtend.o

.igot.plt       0x0000000020000f50        0x0 load address 0x00000000100067bc
 .igot.plt      0x0000000020000f50        0x0 /usr/lib/gcc/arm-none-eabi/8.3.1/thumb/v6-m/nofp/crtbegin.o

.uninitialized_data
                0x0000000020000f50        0x0 load address 0x00000000100067bc
                0x0000000020000f50                . = ALIGN (0x4)
 *(.uninitialized_data*)

.scratch_x      0x0000000020040000        0x0 load address 0x00000000100067bc
                0x0000000020040000                __scratch_x_start__ = .
 *(.scratch_x.*)
                0x0000000020040000                . = ALIGN (0x4)
                0x0000000020040000                __scratch_x_end__ = .
                0x00000000100067bc                __scratch_x_source__ = LOADADDR (.scratch_x)

.scratch_y      0x0000000020041000        0x0 load address 0x00000000100067bc
                0x0000000020041000                __scratch_y_start__ = .
 *(.scratch_y.*)
                0x0000000020041000                . = ALIGN (0x4)
                0x0000000020041000                __scratch_y_end__ = .
                0x00000000100067bc                __scratch_y_source__ = LOADADDR (.scratch_y)

.bss            0x0000000020000f50      0xe14
                0x0000000020000f50                . = ALIGN (0x4)
                0x0000000020000f50                __bss_start__ = .
 *(SORT_BY_ALIGNMENT(SORT_BY_NAME(.bss*)))
 .bss.default_alarm_pool_entries
                0x0000000020000f50      0x100 CMakeFiles/pami-main.dir/home/intech/pico/pico-sdk/src/common/pico_time/time.c.obj
 .bss.last_avail_time.7681
                0x0000000020001050        0x8 CMakeFiles/pami-main.dir/home/intech/pico/pico-sdk/src/rp2_common/pico_stdio_usb/stdio_usb.c.obj
 .bss.prev_time
                0x0000000020001058        0x8 CMakeFiles/pami-main.dir/src/main.c.obj
                0x0000000020001058                prev_time
 .bss           0x0000000020001060       0x1c /usr/lib/gcc/arm-none-eabi/8.3.1/thumb/v6-m/nofp/crtbegin.o
 .bss._app_driver
                0x000000002000107c        0x4 CMakeFiles/pami-main.dir/home/intech/pico/pico-sdk/lib/tinyusb/src/device/usbd.c.obj
 .bss._cdcd_itf
                0x0000000020001080      0x2c8 CMakeFiles/pami-main.dir/home/intech/pico/pico-sdk/lib/tinyusb/src/class/cdc/cdc_device.c.obj
 .bss._ctrl_xfer
                0x0000000020001348       0x14 CMakeFiles/pami-main.dir/home/intech/pico/pico-sdk/lib/tinyusb/src/device/usbd_control.c.obj
 .bss._ubsd_mutexdef
                0x000000002000135c        0x8 CMakeFiles/pami-main.dir/home/intech/pico/pico-sdk/lib/tinyusb/src/device/usbd.c.obj
 .bss._usbd_ctrl_buf
                0x0000000020001364       0x40 CMakeFiles/pami-main.dir/home/intech/pico/pico-sdk/lib/tinyusb/src/device/usbd_control.c.obj
 .bss._usbd_dev
                0x00000000200013a4       0x53 CMakeFiles/pami-main.dir/home/intech/pico/pico-sdk/lib/tinyusb/src/device/usbd.c.obj
 *fill*         0x00000000200013f7        0x1 
 .bss._usbd_mutex
                0x00000000200013f8        0x4 CMakeFiles/pami-main.dir/home/intech/pico/pico-sdk/lib/tinyusb/src/device/usbd.c.obj
 .bss._usbd_q   0x00000000200013fc        0x4 CMakeFiles/pami-main.dir/home/intech/pico/pico-sdk/lib/tinyusb/src/device/usbd.c.obj
 .bss.alarm_callbacks
                0x0000000020001400       0x10 CMakeFiles/pami-main.dir/home/intech/pico/pico-sdk/src/rp2_common/hardware_timer/timer.c.obj
 .bss.angular_ticks
                0x0000000020001410        0x4 CMakeFiles/pami-main.dir/src/main.c.obj
                0x0000000020001410                angular_ticks
 .bss.boot2_copyout
                0x0000000020001414      0x100 CMakeFiles/pami-main.dir/home/intech/pico/pico-sdk/src/rp2_common/hardware_flash/flash.c.obj
 .bss.callbacks
                0x0000000020001514        0x8 CMakeFiles/pami-main.dir/home/intech/pico/pico-sdk/src/rp2_common/hardware_gpio/gpio.c.obj
 .bss.chars_available_callback
                0x000000002000151c        0x4 CMakeFiles/pami-main.dir/home/intech/pico/pico-sdk/src/rp2_common/pico_stdio_usb/stdio_usb.c.obj
 .bss.chars_available_param
                0x0000000020001520        0x4 CMakeFiles/pami-main.dir/home/intech/pico/pico-sdk/src/rp2_common/pico_stdio_usb/stdio_usb.c.obj
 .bss.claimed   0x0000000020001524        0x4 CMakeFiles/pami-main.dir/home/intech/pico/pico-sdk/src/rp2_common/hardware_sync/sync.c.obj
 .bss.coder_left
                0x0000000020001528        0x4 CMakeFiles/pami-main.dir/src/incremental_encoder.c.obj
                0x0000000020001528                coder_left
 .bss.coder_right
                0x000000002000152c        0x4 CMakeFiles/pami-main.dir/src/incremental_encoder.c.obj
                0x000000002000152c                coder_right
 .bss.configured_freq
                0x0000000020001530       0x28 CMakeFiles/pami-main.dir/home/intech/pico/pico-sdk/src/rp2_common/hardware_clocks/clocks.c.obj
 .bss.default_alarm_pool_entry_ids_high
                0x0000000020001558       0x10 CMakeFiles/pami-main.dir/home/intech/pico/pico-sdk/src/common/pico_time/time.c.obj
 .bss.default_alarm_pool_heap_nodes
                0x0000000020001568       0x30 CMakeFiles/pami-main.dir/home/intech/pico/pico-sdk/src/common/pico_time/time.c.obj
 .bss.desc_str.7473
                0x0000000020001598       0x28 CMakeFiles/pami-main.dir/home/intech/pico/pico-sdk/src/rp2_common/pico_stdio_usb/stdio_usb_descriptors.c.obj
 .bss.drivers   0x00000000200015c0        0x4 CMakeFiles/pami-main.dir/home/intech/pico/pico-sdk/src/rp2_common/pico_stdio/stdio.c.obj
 .bss.e15_last_sof
                0x00000000200015c4        0x4 CMakeFiles/pami-main.dir/home/intech/pico/pico-sdk/lib/tinyusb/src/portable/raspberrypi/rp2040/rp2040_usb.c.obj
                0x00000000200015c4                e15_last_sof
 .bss.filter    0x00000000200015c8        0x4 CMakeFiles/pami-main.dir/home/intech/pico/pico-sdk/src/rp2_common/pico_stdio/stdio.c.obj
 .bss.hw_endpoints
                0x00000000200015cc      0x400 CMakeFiles/pami-main.dir/home/intech/pico/pico-sdk/lib/tinyusb/src/portable/raspberrypi/rp2040/dcd_rp2040.c.obj
 .bss.lazy_vsnprintf
                0x00000000200019cc        0x4 CMakeFiles/pami-main.dir/home/intech/pico/pico-sdk/src/rp2_common/pico_printf/printf.c.obj
 .bss.load_value
                0x00000000200019d0        0x4 CMakeFiles/pami-main.dir/home/intech/pico/pico-sdk/src/rp2_common/hardware_watchdog/watchdog.c.obj
 .bss.next_buffer_ptr
                0x00000000200019d4        0x4 CMakeFiles/pami-main.dir/home/intech/pico/pico-sdk/lib/tinyusb/src/portable/raspberrypi/rp2040/dcd_rp2040.c.obj
 .bss.one_shot_timer_crit_sec
                0x00000000200019d8        0x8 CMakeFiles/pami-main.dir/home/intech/pico/pico-sdk/src/rp2_common/pico_stdio_usb/stdio_usb.c.obj
 .bss.pools     0x00000000200019e0       0x10 CMakeFiles/pami-main.dir/home/intech/pico/pico-sdk/src/common/pico_time/time.c.obj
 .bss.position_ticks
                0x00000000200019f0        0x4 CMakeFiles/pami-main.dir/src/main.c.obj
                0x00000000200019f0                position_ticks
 .bss.raw_irq_mask
                0x00000000200019f4        0x8 CMakeFiles/pami-main.dir/home/intech/pico/pico-sdk/src/rp2_common/hardware_gpio/gpio.c.obj
 .bss.retrieved_id
                0x00000000200019fc        0x8 CMakeFiles/pami-main.dir/home/intech/pico/pico-sdk/src/rp2_common/pico_unique_id/unique_id.c.obj
 .bss.sf_clz_func
                0x0000000020001a04        0x4 CMakeFiles/pami-main.dir/home/intech/pico/pico-sdk/src/rp2_common/pico_double/double_init_rom.c.obj
                0x0000000020001a04                sf_clz_func
 .bss.sleep_notifier
                0x0000000020001a08        0x4 CMakeFiles/pami-main.dir/home/intech/pico/pico-sdk/src/common/pico_time/time.c.obj
 .bss.stdio_usb_mutex
                0x0000000020001a0c        0x8 CMakeFiles/pami-main.dir/home/intech/pico/pico-sdk/src/rp2_common/pico_stdio_usb/stdio_usb.c.obj
 .bss.target_hi
                0x0000000020001a14       0x10 CMakeFiles/pami-main.dir/home/intech/pico/pico-sdk/src/rp2_common/hardware_timer/timer.c.obj
 .bss.usbd_serial_str
                0x0000000020001a24       0x11 CMakeFiles/pami-main.dir/home/intech/pico/pico-sdk/src/rp2_common/pico_stdio_usb/stdio_usb_descriptors.c.obj
 .bss._app_driver_count
                0x0000000020001a35        0x1 CMakeFiles/pami-main.dir/home/intech/pico/pico-sdk/lib/tinyusb/src/device/usbd.c.obj
 .bss._sof_enable
                0x0000000020001a36        0x1 CMakeFiles/pami-main.dir/home/intech/pico/pico-sdk/lib/tinyusb/src/portable/raspberrypi/rp2040/dcd_rp2040.c.obj
 .bss.boot2_copyout_valid
                0x0000000020001a37        0x1 CMakeFiles/pami-main.dir/home/intech/pico/pico-sdk/src/rp2_common/hardware_flash/flash.c.obj
 .bss.claimed   0x0000000020001a38        0x1 CMakeFiles/pami-main.dir/home/intech/pico/pico-sdk/src/rp2_common/hardware_timer/timer.c.obj
 .bss.irq_hander_chain_free_slot_head
                0x0000000020001a39        0x1 CMakeFiles/pami-main.dir/home/intech/pico/pico-sdk/src/rp2_common/hardware_irq/irq.c.obj
 .bss.itf_num   0x0000000020001a3a        0x1 CMakeFiles/pami-main.dir/home/intech/pico/pico-sdk/src/rp2_common/pico_stdio_usb/reset_interface.c.obj
 .bss.low_priority_irq_num
                0x0000000020001a3b        0x1 CMakeFiles/pami-main.dir/home/intech/pico/pico-sdk/src/rp2_common/pico_stdio_usb/stdio_usb.c.obj
 .bss.one_shot_timer_pending
                0x0000000020001a3c        0x1 CMakeFiles/pami-main.dir/home/intech/pico/pico-sdk/src/rp2_common/pico_stdio_usb/stdio_usb.c.obj
 .bss.timer_callbacks_pending
                0x0000000020001a3d        0x1 CMakeFiles/pami-main.dir/home/intech/pico/pico-sdk/src/rp2_common/hardware_timer/timer.c.obj
 .bss.user_irq_claimed
                0x0000000020001a3e        0x1 CMakeFiles/pami-main.dir/home/intech/pico/pico-sdk/src/rp2_common/hardware_irq/irq.c.obj
 *(COMMON)
 *fill*         0x0000000020001a3f        0x1 
 COMMON         0x0000000020001a40       0x62 CMakeFiles/pami-main.dir/src/main.c.obj
                0x0000000020001a40                pid
                0x0000000020001a90                encoders
                0x0000000020001a98                motors
 *fill*         0x0000000020001aa2        0x2 
 COMMON         0x0000000020001aa4      0x100 CMakeFiles/pami-main.dir/home/intech/pico/pico-sdk/src/rp2_common/pico_double/double_init_rom.c.obj
                0x0000000020001aa4                sd_table
 COMMON         0x0000000020001ba4      0x100 CMakeFiles/pami-main.dir/home/intech/pico/pico-sdk/src/rp2_common/pico_float/float_init_rom.c.obj
                0x0000000020001ba4                sf_table
 COMMON         0x0000000020001ca4       0xc0 CMakeFiles/pami-main.dir/home/intech/pico/pico-sdk/lib/tinyusb/src/device/usbd.c.obj
                0x0000000020001ca4                _usbd_qdef_buf
                0x0000000020001d64                . = ALIGN (0x4)
                0x0000000020001d64                __bss_end__ = .

.heap           0x0000000020001d64      0x800
                0x0000000020001d64                __end__ = .
                0x0000000020001d64                end = __end__
 *(.heap*)
 .heap          0x0000000020001d64      0x800 CMakeFiles/pami-main.dir/home/intech/pico/pico-sdk/src/rp2_common/pico_standard_link/crt0.S.obj
                0x0000000020002564                __HeapLimit = .

.stack1_dummy   0x0000000020040000        0x0
 *(.stack1*)

.stack_dummy    0x0000000020041000      0x800
 *(.stack*)
 .stack         0x0000000020041000      0x800 CMakeFiles/pami-main.dir/home/intech/pico/pico-sdk/src/rp2_common/pico_standard_link/crt0.S.obj

.flash_end      0x00000000100067bc        0x0
                0x00000000100067bc                PROVIDE (__flash_binary_end = .)
                0x0000000020040000                __StackLimit = (ORIGIN (RAM) + LENGTH (RAM))
                0x0000000020041000                __StackOneTop = (ORIGIN (SCRATCH_X) + LENGTH (SCRATCH_X))
                0x0000000020042000                __StackTop = (ORIGIN (SCRATCH_Y) + LENGTH (SCRATCH_Y))
                0x0000000020041000                __StackOneBottom = (__StackOneTop - SIZEOF (.stack1_dummy))
                0x0000000020041800                __StackBottom = (__StackTop - SIZEOF (.stack_dummy))
                0x0000000020042000                PROVIDE (__stack = __StackTop)
                0x0000000000000001                ASSERT ((__StackLimit >= __HeapLimit), region RAM overflowed)
                0x0000000000000001                ASSERT (((__binary_info_header_end - __logical_binary_start) <= 0x100), Binary info must be in first 256 bytes of the binary)
LOAD CMakeFiles/pami-main.dir/src/main.c.obj
LOAD CMakeFiles/pami-main.dir/src/motor.c.obj
LOAD CMakeFiles/pami-main.dir/src/servo.c.obj
LOAD CMakeFiles/pami-main.dir/src/incremental_encoder.c.obj
LOAD CMakeFiles/pami-main.dir/home/intech/pico/pico-sdk/src/rp2_common/pico_stdlib/stdlib.c.obj
LOAD CMakeFiles/pami-main.dir/home/intech/pico/pico-sdk/src/rp2_common/hardware_gpio/gpio.c.obj
LOAD CMakeFiles/pami-main.dir/home/intech/pico/pico-sdk/src/rp2_common/pico_platform/platform.c.obj
LOAD CMakeFiles/pami-main.dir/home/intech/pico/pico-sdk/src/rp2_common/hardware_claim/claim.c.obj
LOAD CMakeFiles/pami-main.dir/home/intech/pico/pico-sdk/src/rp2_common/hardware_sync/sync.c.obj
LOAD CMakeFiles/pami-main.dir/home/intech/pico/pico-sdk/src/rp2_common/hardware_irq/irq.c.obj
LOAD CMakeFiles/pami-main.dir/home/intech/pico/pico-sdk/src/rp2_common/hardware_irq/irq_handler_chain.S.obj
LOAD CMakeFiles/pami-main.dir/home/intech/pico/pico-sdk/src/common/pico_sync/sem.c.obj
LOAD CMakeFiles/pami-main.dir/home/intech/pico/pico-sdk/src/common/pico_sync/lock_core.c.obj
LOAD CMakeFiles/pami-main.dir/home/intech/pico/pico-sdk/src/common/pico_sync/mutex.c.obj
LOAD CMakeFiles/pami-main.dir/home/intech/pico/pico-sdk/src/common/pico_sync/critical_section.c.obj
LOAD CMakeFiles/pami-main.dir/home/intech/pico/pico-sdk/src/common/pico_time/time.c.obj
LOAD CMakeFiles/pami-main.dir/home/intech/pico/pico-sdk/src/common/pico_time/timeout_helper.c.obj
LOAD CMakeFiles/pami-main.dir/home/intech/pico/pico-sdk/src/rp2_common/hardware_timer/timer.c.obj
LOAD CMakeFiles/pami-main.dir/home/intech/pico/pico-sdk/src/common/pico_util/datetime.c.obj
LOAD CMakeFiles/pami-main.dir/home/intech/pico/pico-sdk/src/common/pico_util/pheap.c.obj
LOAD CMakeFiles/pami-main.dir/home/intech/pico/pico-sdk/src/common/pico_util/queue.c.obj
LOAD CMakeFiles/pami-main.dir/home/intech/pico/pico-sdk/src/rp2_common/hardware_uart/uart.c.obj
LOAD CMakeFiles/pami-main.dir/home/intech/pico/pico-sdk/src/rp2_common/hardware_clocks/clocks.c.obj
LOAD CMakeFiles/pami-main.dir/home/intech/pico/pico-sdk/src/rp2_common/hardware_pll/pll.c.obj
LOAD CMakeFiles/pami-main.dir/home/intech/pico/pico-sdk/src/rp2_common/hardware_vreg/vreg.c.obj
LOAD CMakeFiles/pami-main.dir/home/intech/pico/pico-sdk/src/rp2_common/hardware_watchdog/watchdog.c.obj
LOAD CMakeFiles/pami-main.dir/home/intech/pico/pico-sdk/src/rp2_common/hardware_xosc/xosc.c.obj
LOAD CMakeFiles/pami-main.dir/home/intech/pico/pico-sdk/src/rp2_common/hardware_divider/divider.S.obj
LOAD CMakeFiles/pami-main.dir/home/intech/pico/pico-sdk/src/rp2_common/pico_runtime/runtime.c.obj
LOAD CMakeFiles/pami-main.dir/home/intech/pico/pico-sdk/src/rp2_common/pico_printf/printf.c.obj
LOAD CMakeFiles/pami-main.dir/home/intech/pico/pico-sdk/src/rp2_common/pico_bit_ops/bit_ops_aeabi.S.obj
LOAD CMakeFiles/pami-main.dir/home/intech/pico/pico-sdk/src/rp2_common/pico_bootrom/bootrom.c.obj
LOAD CMakeFiles/pami-main.dir/home/intech/pico/pico-sdk/src/rp2_common/pico_divider/divider.S.obj
LOAD CMakeFiles/pami-main.dir/home/intech/pico/pico-sdk/src/rp2_common/pico_double/double_aeabi.S.obj
LOAD CMakeFiles/pami-main.dir/home/intech/pico/pico-sdk/src/rp2_common/pico_double/double_init_rom.c.obj
LOAD CMakeFiles/pami-main.dir/home/intech/pico/pico-sdk/src/rp2_common/pico_double/double_math.c.obj
LOAD CMakeFiles/pami-main.dir/home/intech/pico/pico-sdk/src/rp2_common/pico_double/double_v1_rom_shim.S.obj
LOAD CMakeFiles/pami-main.dir/home/intech/pico/pico-sdk/src/rp2_common/pico_int64_ops/pico_int64_ops_aeabi.S.obj
LOAD CMakeFiles/pami-main.dir/home/intech/pico/pico-sdk/src/rp2_common/pico_float/float_aeabi.S.obj
LOAD CMakeFiles/pami-main.dir/home/intech/pico/pico-sdk/src/rp2_common/pico_float/float_init_rom.c.obj
LOAD CMakeFiles/pami-main.dir/home/intech/pico/pico-sdk/src/rp2_common/pico_float/float_math.c.obj
LOAD CMakeFiles/pami-main.dir/home/intech/pico/pico-sdk/src/rp2_common/pico_float/float_v1_rom_shim.S.obj
LOAD CMakeFiles/pami-main.dir/home/intech/pico/pico-sdk/src/rp2_common/pico_malloc/pico_malloc.c.obj
LOAD CMakeFiles/pami-main.dir/home/intech/pico/pico-sdk/src/rp2_common/pico_mem_ops/mem_ops_aeabi.S.obj
LOAD CMakeFiles/pami-main.dir/home/intech/pico/pico-sdk/src/rp2_common/pico_standard_link/crt0.S.obj
LOAD CMakeFiles/pami-main.dir/home/intech/pico/pico-sdk/src/rp2_common/pico_standard_link/new_delete.cpp.obj
LOAD CMakeFiles/pami-main.dir/home/intech/pico/pico-sdk/src/rp2_common/pico_standard_link/binary_info.c.obj
LOAD CMakeFiles/pami-main.dir/home/intech/pico/pico-sdk/src/rp2_common/pico_stdio/stdio.c.obj
LOAD CMakeFiles/pami-main.dir/home/intech/pico/pico-sdk/src/rp2_common/pico_stdio_usb/reset_interface.c.obj
LOAD CMakeFiles/pami-main.dir/home/intech/pico/pico-sdk/src/rp2_common/pico_stdio_usb/stdio_usb.c.obj
LOAD CMakeFiles/pami-main.dir/home/intech/pico/pico-sdk/src/rp2_common/pico_stdio_usb/stdio_usb_descriptors.c.obj
LOAD CMakeFiles/pami-main.dir/home/intech/pico/pico-sdk/src/rp2_common/pico_unique_id/unique_id.c.obj
LOAD CMakeFiles/pami-main.dir/home/intech/pico/pico-sdk/src/rp2_common/hardware_flash/flash.c.obj
LOAD CMakeFiles/pami-main.dir/home/intech/pico/pico-sdk/lib/tinyusb/src/portable/raspberrypi/rp2040/dcd_rp2040.c.obj
LOAD CMakeFiles/pami-main.dir/home/intech/pico/pico-sdk/lib/tinyusb/src/portable/raspberrypi/rp2040/rp2040_usb.c.obj
LOAD CMakeFiles/pami-main.dir/home/intech/pico/pico-sdk/lib/tinyusb/src/device/usbd.c.obj
LOAD CMakeFiles/pami-main.dir/home/intech/pico/pico-sdk/lib/tinyusb/src/device/usbd_control.c.obj
LOAD CMakeFiles/pami-main.dir/home/intech/pico/pico-sdk/lib/tinyusb/src/class/audio/audio_device.c.obj
LOAD CMakeFiles/pami-main.dir/home/intech/pico/pico-sdk/lib/tinyusb/src/class/cdc/cdc_device.c.obj
LOAD CMakeFiles/pami-main.dir/home/intech/pico/pico-sdk/lib/tinyusb/src/class/dfu/dfu_device.c.obj
LOAD CMakeFiles/pami-main.dir/home/intech/pico/pico-sdk/lib/tinyusb/src/class/dfu/dfu_rt_device.c.obj
LOAD CMakeFiles/pami-main.dir/home/intech/pico/pico-sdk/lib/tinyusb/src/class/hid/hid_device.c.obj
LOAD CMakeFiles/pami-main.dir/home/intech/pico/pico-sdk/lib/tinyusb/src/class/midi/midi_device.c.obj
LOAD CMakeFiles/pami-main.dir/home/intech/pico/pico-sdk/lib/tinyusb/src/class/msc/msc_device.c.obj
LOAD CMakeFiles/pami-main.dir/home/intech/pico/pico-sdk/lib/tinyusb/src/class/net/ecm_rndis_device.c.obj
LOAD CMakeFiles/pami-main.dir/home/intech/pico/pico-sdk/lib/tinyusb/src/class/net/ncm_device.c.obj
LOAD CMakeFiles/pami-main.dir/home/intech/pico/pico-sdk/lib/tinyusb/src/class/usbtmc/usbtmc_device.c.obj
LOAD CMakeFiles/pami-main.dir/home/intech/pico/pico-sdk/lib/tinyusb/src/class/vendor/vendor_device.c.obj
LOAD CMakeFiles/pami-main.dir/home/intech/pico/pico-sdk/lib/tinyusb/src/class/video/video_device.c.obj
LOAD CMakeFiles/pami-main.dir/home/intech/pico/pico-sdk/lib/tinyusb/src/tusb.c.obj
LOAD CMakeFiles/pami-main.dir/home/intech/pico/pico-sdk/lib/tinyusb/src/common/tusb_fifo.c.obj
LOAD CMakeFiles/pami-main.dir/home/intech/pico/pico-sdk/src/rp2_common/pico_fix/rp2040_usb_device_enumeration/rp2040_usb_device_enumeration.c.obj
LOAD /tmp/ccOZusqx.o
LOAD /usr/lib/gcc/arm-none-eabi/8.3.1/../../../arm-none-eabi/lib/thumb/v6-m/nofp/libstdc++.a
LOAD /usr/lib/gcc/arm-none-eabi/8.3.1/../../../arm-none-eabi/lib/thumb/v6-m/nofp/libm.a
START GROUP
LOAD /usr/lib/gcc/arm-none-eabi/8.3.1/thumb/v6-m/nofp/libgcc.a
LOAD /usr/lib/gcc/arm-none-eabi/8.3.1/../../../arm-none-eabi/lib/thumb/v6-m/nofp/libc.a
END GROUP
START GROUP
LOAD /usr/lib/gcc/arm-none-eabi/8.3.1/thumb/v6-m/nofp/libgcc.a
LOAD /usr/lib/gcc/arm-none-eabi/8.3.1/../../../arm-none-eabi/lib/thumb/v6-m/nofp/libc.a
LOAD /usr/lib/gcc/arm-none-eabi/8.3.1/../../../arm-none-eabi/lib/thumb/v6-m/nofp/libnosys.a
END GROUP
LOAD /usr/lib/gcc/arm-none-eabi/8.3.1/thumb/v6-m/nofp/crtend.o
LOAD /usr/lib/gcc/arm-none-eabi/8.3.1/thumb/v6-m/nofp/crtn.o
OUTPUT(pami-main.elf elf32-littlearm)
LOAD linker stubs

.ARM.attributes
                0x0000000000000000       0x28
 .ARM.attributes
                0x0000000000000000       0x1e /usr/lib/gcc/arm-none-eabi/8.3.1/thumb/v6-m/nofp/crti.o
 .ARM.attributes
                0x000000000000001e       0x2c /usr/lib/gcc/arm-none-eabi/8.3.1/thumb/v6-m/nofp/crtbegin.o
 .ARM.attributes
                0x000000000000004a       0x2c CMakeFiles/pami-main.dir/src/main.c.obj
 .ARM.attributes
                0x0000000000000076       0x2c CMakeFiles/pami-main.dir/src/motor.c.obj
 .ARM.attributes
                0x00000000000000a2       0x2c CMakeFiles/pami-main.dir/src/incremental_encoder.c.obj
 .ARM.attributes
                0x00000000000000ce       0x2c CMakeFiles/pami-main.dir/home/intech/pico/pico-sdk/src/rp2_common/hardware_gpio/gpio.c.obj
 .ARM.attributes
                0x00000000000000fa       0x2c CMakeFiles/pami-main.dir/home/intech/pico/pico-sdk/src/rp2_common/pico_platform/platform.c.obj
 .ARM.attributes
                0x0000000000000126       0x2c CMakeFiles/pami-main.dir/home/intech/pico/pico-sdk/src/rp2_common/hardware_claim/claim.c.obj
 .ARM.attributes
                0x0000000000000152       0x2c CMakeFiles/pami-main.dir/home/intech/pico/pico-sdk/src/rp2_common/hardware_sync/sync.c.obj
 .ARM.attributes
                0x000000000000017e       0x2c CMakeFiles/pami-main.dir/home/intech/pico/pico-sdk/src/rp2_common/hardware_irq/irq.c.obj
 .ARM.attributes
                0x00000000000001aa       0x22 CMakeFiles/pami-main.dir/home/intech/pico/pico-sdk/src/rp2_common/hardware_irq/irq_handler_chain.S.obj
 .ARM.attributes
                0x00000000000001cc       0x2c CMakeFiles/pami-main.dir/home/intech/pico/pico-sdk/src/common/pico_sync/lock_core.c.obj
 .ARM.attributes
                0x00000000000001f8       0x2c CMakeFiles/pami-main.dir/home/intech/pico/pico-sdk/src/common/pico_sync/mutex.c.obj
 .ARM.attributes
                0x0000000000000224       0x2c CMakeFiles/pami-main.dir/home/intech/pico/pico-sdk/src/common/pico_sync/critical_section.c.obj
 .ARM.attributes
                0x0000000000000250       0x2c CMakeFiles/pami-main.dir/home/intech/pico/pico-sdk/src/common/pico_time/time.c.obj
 .ARM.attributes
                0x000000000000027c       0x2c CMakeFiles/pami-main.dir/home/intech/pico/pico-sdk/src/rp2_common/hardware_timer/timer.c.obj
 .ARM.attributes
                0x00000000000002a8       0x2c CMakeFiles/pami-main.dir/home/intech/pico/pico-sdk/src/common/pico_util/pheap.c.obj
 .ARM.attributes
                0x00000000000002d4       0x2c CMakeFiles/pami-main.dir/home/intech/pico/pico-sdk/src/rp2_common/hardware_clocks/clocks.c.obj
 .ARM.attributes
                0x0000000000000300       0x2c CMakeFiles/pami-main.dir/home/intech/pico/pico-sdk/src/rp2_common/hardware_pll/pll.c.obj
 .ARM.attributes
                0x000000000000032c       0x2c CMakeFiles/pami-main.dir/home/intech/pico/pico-sdk/src/rp2_common/hardware_watchdog/watchdog.c.obj
 .ARM.attributes
                0x0000000000000358       0x2c CMakeFiles/pami-main.dir/home/intech/pico/pico-sdk/src/rp2_common/hardware_xosc/xosc.c.obj
 .ARM.attributes
                0x0000000000000384       0x2c CMakeFiles/pami-main.dir/home/intech/pico/pico-sdk/src/rp2_common/pico_runtime/runtime.c.obj
 .ARM.attributes
                0x00000000000003b0       0x2c CMakeFiles/pami-main.dir/home/intech/pico/pico-sdk/src/rp2_common/pico_printf/printf.c.obj
 .ARM.attributes
                0x00000000000003dc       0x22 CMakeFiles/pami-main.dir/home/intech/pico/pico-sdk/src/rp2_common/pico_bit_ops/bit_ops_aeabi.S.obj
 .ARM.attributes
                0x00000000000003fe       0x2c CMakeFiles/pami-main.dir/home/intech/pico/pico-sdk/src/rp2_common/pico_bootrom/bootrom.c.obj
 .ARM.attributes
                0x000000000000042a       0x22 CMakeFiles/pami-main.dir/home/intech/pico/pico-sdk/src/rp2_common/pico_divider/divider.S.obj
 .ARM.attributes
                0x000000000000044c       0x22 CMakeFiles/pami-main.dir/home/intech/pico/pico-sdk/src/rp2_common/pico_double/double_aeabi.S.obj
 .ARM.attributes
                0x000000000000046e       0x2c CMakeFiles/pami-main.dir/home/intech/pico/pico-sdk/src/rp2_common/pico_double/double_init_rom.c.obj
 .ARM.attributes
                0x000000000000049a       0x22 CMakeFiles/pami-main.dir/home/intech/pico/pico-sdk/src/rp2_common/pico_double/double_v1_rom_shim.S.obj
 .ARM.attributes
                0x00000000000004bc       0x22 CMakeFiles/pami-main.dir/home/intech/pico/pico-sdk/src/rp2_common/pico_int64_ops/pico_int64_ops_aeabi.S.obj
 .ARM.attributes
                0x00000000000004de       0x22 CMakeFiles/pami-main.dir/home/intech/pico/pico-sdk/src/rp2_common/pico_float/float_aeabi.S.obj
 .ARM.attributes
                0x0000000000000500       0x2c CMakeFiles/pami-main.dir/home/intech/pico/pico-sdk/src/rp2_common/pico_float/float_init_rom.c.obj
 .ARM.attributes
                0x000000000000052c       0x22 CMakeFiles/pami-main.dir/home/intech/pico/pico-sdk/src/rp2_common/pico_float/float_v1_rom_shim.S.obj
 .ARM.attributes
                0x000000000000054e       0x22 CMakeFiles/pami-main.dir/home/intech/pico/pico-sdk/src/rp2_common/pico_mem_ops/mem_ops_aeabi.S.obj
 .ARM.attributes
                0x0000000000000570       0x22 CMakeFiles/pami-main.dir/home/intech/pico/pico-sdk/src/rp2_common/pico_standard_link/crt0.S.obj
 .ARM.attributes
                0x0000000000000592       0x32 CMakeFiles/pami-main.dir/home/intech/pico/pico-sdk/src/rp2_common/pico_standard_link/binary_info.c.obj
 .ARM.attributes
                0x00000000000005c4       0x2c CMakeFiles/pami-main.dir/home/intech/pico/pico-sdk/src/rp2_common/pico_stdio/stdio.c.obj
 .ARM.attributes
                0x00000000000005f0       0x2c CMakeFiles/pami-main.dir/home/intech/pico/pico-sdk/src/rp2_common/pico_stdio_usb/reset_interface.c.obj
 .ARM.attributes
                0x000000000000061c       0x2c CMakeFiles/pami-main.dir/home/intech/pico/pico-sdk/src/rp2_common/pico_stdio_usb/stdio_usb.c.obj
 .ARM.attributes
                0x0000000000000648       0x2c CMakeFiles/pami-main.dir/home/intech/pico/pico-sdk/src/rp2_common/pico_stdio_usb/stdio_usb_descriptors.c.obj
 .ARM.attributes
                0x0000000000000674       0x2c CMakeFiles/pami-main.dir/home/intech/pico/pico-sdk/src/rp2_common/pico_unique_id/unique_id.c.obj
 .ARM.attributes
                0x00000000000006a0       0x2c CMakeFiles/pami-main.dir/home/intech/pico/pico-sdk/src/rp2_common/hardware_flash/flash.c.obj
 .ARM.attributes
                0x00000000000006cc       0x2c CMakeFiles/pami-main.dir/home/intech/pico/pico-sdk/lib/tinyusb/src/portable/raspberrypi/rp2040/dcd_rp2040.c.obj
 .ARM.attributes
                0x00000000000006f8       0x2c CMakeFiles/pami-main.dir/home/intech/pico/pico-sdk/lib/tinyusb/src/portable/raspberrypi/rp2040/rp2040_usb.c.obj
 .ARM.attributes
                0x0000000000000724       0x2c CMakeFiles/pami-main.dir/home/intech/pico/pico-sdk/lib/tinyusb/src/device/usbd.c.obj
 .ARM.attributes
                0x0000000000000750       0x2c CMakeFiles/pami-main.dir/home/intech/pico/pico-sdk/lib/tinyusb/src/device/usbd_control.c.obj
 .ARM.attributes
                0x000000000000077c       0x2c CMakeFiles/pami-main.dir/home/intech/pico/pico-sdk/lib/tinyusb/src/class/cdc/cdc_device.c.obj
 .ARM.attributes
                0x00000000000007a8       0x2c CMakeFiles/pami-main.dir/home/intech/pico/pico-sdk/lib/tinyusb/src/tusb.c.obj
 .ARM.attributes
                0x00000000000007d4       0x2c CMakeFiles/pami-main.dir/home/intech/pico/pico-sdk/lib/tinyusb/src/common/tusb_fifo.c.obj
 .ARM.attributes
                0x0000000000000800       0x22 /tmp/ccOZusqx.o
 .ARM.attributes
                0x0000000000000822       0x1e /usr/lib/gcc/arm-none-eabi/8.3.1/thumb/v6-m/nofp/libgcc.a(_dvmd_tls.o)
 .ARM.attributes
                0x0000000000000840       0x2c /usr/lib/gcc/arm-none-eabi/8.3.1/../../../arm-none-eabi/lib/thumb/v6-m/nofp/libc.a(lib_a-strlen-stub.o)
 .ARM.attributes
                0x000000000000086c       0x2c /usr/lib/gcc/arm-none-eabi/8.3.1/thumb/v6-m/nofp/crtend.o

.comment        0x0000000000000000       0x9f
 .comment       0x0000000000000000       0x51 /usr/lib/gcc/arm-none-eabi/8.3.1/thumb/v6-m/nofp/crtbegin.o
                                         0x52 (size before relaxing)
 .comment       0x0000000000000051       0x52 CMakeFiles/pami-main.dir/src/main.c.obj
 .comment       0x0000000000000051       0x52 CMakeFiles/pami-main.dir/src/motor.c.obj